<html>
<body>
<pre>
<h1>礦ision Build Log</h1>
<h2>Project:</h2>
E:\蓝桥杯嵌入式资料\嵌入式设计与开发项目加密资料\嵌入式设计与开发项目加密资料\嵌入式设计与开发\液晶驱动参考例程\CT117E-LCD\Project\CT117E-LCD.uvprojx
Project File Date:  12/30/2017

<h2>Output:</h2>
Build target 'Target 1'
linking...
Program Size: Code=5638 RO-data=4830 RW-data=52 ZI-data=1636  
FromELF: creating hex file...
"..\Output\CT117E-LCD.axf" - 0 Error(s), 0 Warning(s).
Load "..\\Output\\CT117E-LCD.axf" 
Set JLink Project File to "E:\蓝桥杯嵌入式资料\嵌入式设计与开发项目加密资料\嵌入式设计与开发项目加密资料\嵌入式设计与开发\液晶驱动参考例程\CT117E-LCD\Project\JLinkSettings.ini"
* JLink Info: Device "STM32F103RB" selected (128 KB flash, 20 KB RAM).
 
JLink info:
------------
DLL: V4.90 , compiled Jul 28 2014 10:35:20
Firmware: J-Link ARM V8 compiled Nov 28 2014 13:44:46
Hardware: V8.00
S/N : 1631096578 
Feature(s) : RDI,FlashDL,FlashBP,JFlash,GDBFULL 
 
* JLink Info: TotalIRLen = 9, IRPrint = 0x0011
* JLink Info: TotalIRLen = 9, IRPrint = 0x0011
* JLink Info: Found Cortex-M3 r1p1, Little endian.
* JLink Info: FPUnit: 6 code (BP) slots and 2 literal slots
* JLink Info: TPIU fitted.
ROMTableAddr = 0xE00FF003
 
Target info:
------------
Device: STM32F103RB
VTarget = 3.293V
State of Pins: 
TCK: 1, TDI: 0, TDO: 1, TMS: 0, TRES: 1, TRST: 1
Hardware-Breakpoints: 6
Software-Breakpoints: 8192
Watchpoints:          4
JTAG speed: 2000 kHz
 
Erase Done.
Programming Done.
Verify OK.
Application running ...
</pre>
</body>
</html>
