Component: ARM Compiler 5.06 update 5 (build 528) Tool: armlink [4d35e2]

==============================================================================

Section Cross References

    startup_stm32f10x_md.o(STACK) refers (Special) to heapauxi.o(.text) for __use_two_region_memory
    startup_stm32f10x_md.o(HEAP) refers (Special) to heapauxi.o(.text) for __use_two_region_memory
    startup_stm32f10x_md.o(RESET) refers (Special) to heapauxi.o(.text) for __use_two_region_memory
    startup_stm32f10x_md.o(RESET) refers to startup_stm32f10x_md.o(STACK) for __initial_sp
    startup_stm32f10x_md.o(RESET) refers to startup_stm32f10x_md.o(.text) for Reset_Handler
    startup_stm32f10x_md.o(RESET) refers to stm32f10x_it.o(i.NMI_Handler) for NMI_Handler
    startup_stm32f10x_md.o(RESET) refers to stm32f10x_it.o(i.HardFault_Handler) for HardFault_Handler
    startup_stm32f10x_md.o(RESET) refers to stm32f10x_it.o(i.MemManage_Handler) for MemManage_Handler
    startup_stm32f10x_md.o(RESET) refers to stm32f10x_it.o(i.BusFault_Handler) for BusFault_Handler
    startup_stm32f10x_md.o(RESET) refers to stm32f10x_it.o(i.UsageFault_Handler) for UsageFault_Handler
    startup_stm32f10x_md.o(RESET) refers to stm32f10x_it.o(i.SVC_Handler) for SVC_Handler
    startup_stm32f10x_md.o(RESET) refers to stm32f10x_it.o(i.DebugMon_Handler) for DebugMon_Handler
    startup_stm32f10x_md.o(RESET) refers to stm32f10x_it.o(i.PendSV_Handler) for PendSV_Handler
    startup_stm32f10x_md.o(RESET) refers to stm32f10x_it.o(i.SysTick_Handler) for SysTick_Handler
    startup_stm32f10x_md.o(RESET) refers to stm32f10x_it.o(i.TIM2_IRQHandler) for TIM2_IRQHandler
    startup_stm32f10x_md.o(RESET) refers to stm32f10x_it.o(i.TIM3_IRQHandler) for TIM3_IRQHandler
    startup_stm32f10x_md.o(RESET) refers to stm32f10x_it.o(i.TIM4_IRQHandler) for TIM4_IRQHandler
    startup_stm32f10x_md.o(RESET) refers to stm32f10x_it.o(i.USART2_IRQHandler) for USART2_IRQHandler
    startup_stm32f10x_md.o(.text) refers (Special) to heapauxi.o(.text) for __use_two_region_memory
    startup_stm32f10x_md.o(.text) refers to system_stm32f10x.o(i.SystemInit) for SystemInit
    startup_stm32f10x_md.o(.text) refers to __main.o(!!!main) for __main
    startup_stm32f10x_md.o(.text) refers to startup_stm32f10x_md.o(HEAP) for Heap_Mem
    startup_stm32f10x_md.o(.text) refers to startup_stm32f10x_md.o(STACK) for Stack_Mem
    system_stm32f10x.o(i.SetSysClock) refers to system_stm32f10x.o(i.SetSysClockTo72) for SetSysClockTo72
    system_stm32f10x.o(i.SystemCoreClockUpdate) refers to system_stm32f10x.o(.data) for SystemCoreClock
    system_stm32f10x.o(i.SystemInit) refers to system_stm32f10x.o(i.SetSysClock) for SetSysClock
    stm32f10x_adc.o(i.ADC_DeInit) refers to stm32f10x_rcc.o(i.RCC_APB2PeriphResetCmd) for RCC_APB2PeriphResetCmd
    stm32f10x_bkp.o(i.BKP_DeInit) refers to stm32f10x_rcc.o(i.RCC_BackupResetCmd) for RCC_BackupResetCmd
    stm32f10x_can.o(i.CAN_DeInit) refers to stm32f10x_rcc.o(i.RCC_APB1PeriphResetCmd) for RCC_APB1PeriphResetCmd
    stm32f10x_can.o(i.CAN_GetITStatus) refers to stm32f10x_can.o(i.CheckITStatus) for CheckITStatus
    stm32f10x_cec.o(i.CEC_DeInit) refers to stm32f10x_rcc.o(i.RCC_APB1PeriphResetCmd) for RCC_APB1PeriphResetCmd
    stm32f10x_dac.o(i.DAC_DeInit) refers to stm32f10x_rcc.o(i.RCC_APB1PeriphResetCmd) for RCC_APB1PeriphResetCmd
    stm32f10x_flash.o(i.FLASH_EnableWriteProtection) refers to stm32f10x_flash.o(i.FLASH_WaitForLastOperation) for FLASH_WaitForLastOperation
    stm32f10x_flash.o(i.FLASH_EraseAllBank1Pages) refers to stm32f10x_flash.o(i.FLASH_WaitForLastBank1Operation) for FLASH_WaitForLastBank1Operation
    stm32f10x_flash.o(i.FLASH_EraseAllPages) refers to stm32f10x_flash.o(i.FLASH_WaitForLastOperation) for FLASH_WaitForLastOperation
    stm32f10x_flash.o(i.FLASH_EraseOptionBytes) refers to stm32f10x_flash.o(i.FLASH_GetReadOutProtectionStatus) for FLASH_GetReadOutProtectionStatus
    stm32f10x_flash.o(i.FLASH_EraseOptionBytes) refers to stm32f10x_flash.o(i.FLASH_WaitForLastOperation) for FLASH_WaitForLastOperation
    stm32f10x_flash.o(i.FLASH_ErasePage) refers to stm32f10x_flash.o(i.FLASH_WaitForLastOperation) for FLASH_WaitForLastOperation
    stm32f10x_flash.o(i.FLASH_ProgramHalfWord) refers to stm32f10x_flash.o(i.FLASH_WaitForLastOperation) for FLASH_WaitForLastOperation
    stm32f10x_flash.o(i.FLASH_ProgramOptionByteData) refers to stm32f10x_flash.o(i.FLASH_WaitForLastOperation) for FLASH_WaitForLastOperation
    stm32f10x_flash.o(i.FLASH_ProgramWord) refers to stm32f10x_flash.o(i.FLASH_WaitForLastOperation) for FLASH_WaitForLastOperation
    stm32f10x_flash.o(i.FLASH_ReadOutProtection) refers to stm32f10x_flash.o(i.FLASH_WaitForLastOperation) for FLASH_WaitForLastOperation
    stm32f10x_flash.o(i.FLASH_UserOptionByteConfig) refers to stm32f10x_flash.o(i.FLASH_WaitForLastOperation) for FLASH_WaitForLastOperation
[...]
    ../clib/angel/handlers.s                 0x00000000   Number         0  __scatter_copy.o ABSOLUTE
    ../clib/angel/handlers.s                 0x00000000   Number         0  __scatter_zi.o ABSOLUTE
    ../clib/angel/kernel.s                   0x00000000   Number         0  rtexit2.o ABSOLUTE
    ../clib/angel/kernel.s                   0x00000000   Number         0  __rtentry4.o ABSOLUTE
    ../clib/angel/kernel.s                   0x00000000   Number         0  __rtentry2.o ABSOLUTE
    ../clib/angel/kernel.s                   0x00000000   Number         0  rtexit.o ABSOLUTE
    ../clib/angel/kernel.s                   0x00000000   Number         0  __rtentry.o ABSOLUTE
    ../clib/angel/rt.s                       0x00000000   Number         0  rt_raise.o ABSOLUTE
    ../clib/angel/scatter.s                  0x00000000   Number         0  __scatter.o ABSOLUTE
    ../clib/angel/startup.s                  0x00000000   Number         0  __main.o ABSOLUTE
    ../clib/angel/sys.s                      0x00000000   Number         0  libspace.o ABSOLUTE
    ../clib/angel/sys.s                      0x00000000   Number         0  sys_stackheap_outer.o ABSOLUTE
    ../clib/angel/sys.s                      0x00000000   Number         0  indicate_semi.o ABSOLUTE
    ../clib/angel/sys.s                      0x00000000   Number         0  use_no_semi.o ABSOLUTE
    ../clib/angel/sysapp.c                   0x00000000   Number         0  sys_command.o ABSOLUTE
    ../clib/angel/sysapp.c                   0x00000000   Number         0  sys_exit.o ABSOLUTE
    ../clib/angel/sysapp.c                   0x00000000   Number         0  sys_wrch.o ABSOLUTE
    ../clib/armsys.c                         0x00000000   Number         0  argv_veneer.o ABSOLUTE
    ../clib/armsys.c                         0x00000000   Number         0  argv_veneer.o ABSOLUTE
    ../clib/armsys.c                         0x00000000   Number         0  _get_argv_nomalloc.o ABSOLUTE
    ../clib/armsys.c                         0x00000000   Number         0  no_argv.o ABSOLUTE
    ../clib/heapalloc.c                      0x00000000   Number         0  hrguard.o ABSOLUTE
    ../clib/heapaux.c                        0x00000000   Number         0  heapauxi.o ABSOLUTE
    ../clib/libinit.s                        0x00000000   Number         0  libinit.o ABSOLUTE
    ../clib/libinit.s                        0x00000000   Number         0  libshutdown.o ABSOLUTE
    ../clib/libinit.s                        0x00000000   Number         0  libshutdown2.o ABSOLUTE
    ../clib/libinit.s                        0x00000000   Number         0  libinit2.o ABSOLUTE
    ../clib/printf.c                         0x00000000   Number         0  _printf_char_common.o ABSOLUTE
    ../clib/printf.c                         0x00000000   Number         0  _printf_intcommon.o ABSOLUTE
    ../clib/printf.c                         0x00000000   Number         0  __printf_ss_wp.o ABSOLUTE
    ../clib/printf.c                         0x00000000   Number         0  __printf.o ABSOLUTE
    ../clib/printf.c                         0x00000000   Number         0  __printf_wp.o ABSOLUTE
    ../clib/printf.c                         0x00000000   Number         0  __printf_ss.o ABSOLUTE
    ../clib/printf.c                         0x00000000   Number         0  __printf_nopercent.o ABSOLUTE
    ../clib/printf.c                         0x00000000   Number         0  __printf_flags.o ABSOLUTE
    ../clib/printf.c                         0x00000000   Number         0  __printf_flags_ss_wp.o ABSOLUTE
    ../clib/printf.c                         0x00000000   Number         0  __printf_flags_ss.o ABSOLUTE
    ../clib/printf.c                         0x00000000   Number         0  noretval__2sprintf.o ABSOLUTE
    ../clib/printf.c                         0x00000000   Number         0  __2sprintf.o ABSOLUTE
    ../clib/printf.c                         0x00000000   Number         0  _sputc.o ABSOLUTE
    ../clib/printf.c                         0x00000000   Number         0  __printf_flags_wp.o ABSOLUTE
    ../clib/printf.c                         0x00000000   Number         0  _printf_dec.o ABSOLUTE
    ../clib/printf_percent.s                 0x00000000   Number         0  _printf_percent.o ABSOLUTE
    ../clib/printf_percent.s                 0x00000000   Number         0  _printf_d.o ABSOLUTE
    ../clib/printf_percent.s                 0x00000000   Number         0  _printf_percent_end.o ABSOLUTE
    ../clib/signal.c                         0x00000000   Number         0  defsig_general.o ABSOLUTE
    ../clib/signal.c                         0x00000000   Number         0  defsig_stak_inner.o ABSOLUTE
    ../clib/signal.c                         0x00000000   Number         0  defsig_rtred_inner.o ABSOLUTE
    ../clib/signal.c                         0x00000000   Number         0  defsig_exit.o ABSOLUTE
    ../clib/signal.c                         0x00000000   Number         0  defsig_abrt_inner.o ABSOLUTE
    ../clib/signal.c                         0x00000000   Number         0  defsig_rtmem_inner.o ABSOLUTE
    ../clib/signal.c                         0x00000000   Number         0  __raise.o ABSOLUTE
    ../clib/signal.c                         0x00000000   Number         0  defsig_fpe_inner.o ABSOLUTE
    ../clib/signal.c                         0x00000000   Number         0  defsig_rtmem_outer.o ABSOLUTE
    ../clib/signal.c                         0x00000000   Number         0  defsig_rtmem_formal.o ABSOLUTE
    ../clib/signal.c                         0x00000000   Number         0  defsig_other.o ABSOLUTE
    ../clib/signal.c                         0x00000000   Number         0  defsig_segv_inner.o ABSOLUTE
    ../clib/signal.c                         0x00000000   Number         0  defsig_cppl_inner.o ABSOLUTE
    ../clib/signal.c                         0x00000000   Number         0  defsig_pvfn_inner.o ABSOLUTE
    ../clib/signal.s                         0x00000000   Number         0  defsig.o ABSOLUTE
    ../clib/stdlib.c                         0x00000000   Number         0  exit.o ABSOLUTE
    ../fplib/daddsub.s                       0x00000000   Number         0  daddsub_clz.o ABSOLUTE
    ../fplib/dfixu.s                         0x00000000   Number         0  dfixu.o ABSOLUTE
    ../fplib/dflt.s                          0x00000000   Number         0  dflt_clz.o ABSOLUTE
    ../fplib/dmul.s                          0x00000000   Number         0  dmul.o ABSOLUTE
    ../fplib/dnaninf.s                       0x00000000   Number         0  dnaninf.o ABSOLUTE
    ../fplib/dretinf.s                       0x00000000   Number         0  dretinf.o ABSOLUTE
    ../fplib/fpinit.s                        0x00000000   Number         0  fpinit.o ABSOLUTE
    ../fplib/usenofp.s                       0x00000000   Number         0  usenofp.o ABSOLUTE
    ..\Libraries\CMSIS\CM3\CoreSupport\core_cm3.c 0x00000000   Number         0  core_cm3.o ABSOLUTE
    ..\Libraries\CMSIS\CM3\DeviceSupport\ST\STM32F10x\system_stm32f10x.c 0x00000000   Number         0  system_stm32f10x.o ABSOLUTE
    ..\Libraries\STM32F10x_StdPeriph_Driver\src\misc.c 0x00000000   Number         0  misc.o ABSOLUTE
    ..\Libraries\STM32F10x_StdPeriph_Driver\src\stm32f10x_adc.c 0x00000000   Number         0  stm32f10x_adc.o ABSOLUTE
    ..\Libraries\STM32F10x_StdPeriph_Driver\src\stm32f10x_bkp.c 0x00000000   Number         0  stm32f10x_bkp.o ABSOLUTE
    ..\Libraries\STM32F10x_StdPeriph_Driver\src\stm32f10x_can.c 0x00000000   Number         0  stm32f10x_can.o ABSOLUTE
    ..\Libraries\STM32F10x_StdPeriph_Driver\src\stm32f10x_cec.c 0x00000000   Number         0  stm32f10x_cec.o ABSOLUTE
    ..\Libraries\STM32F10x_StdPeriph_Driver\src\stm32f10x_crc.c 0x00000000   Number         0  stm32f10x_crc.o ABSOLUTE
    ..\Libraries\STM32F10x_StdPeriph_Driver\src\stm32f10x_dac.c 0x00000000   Number         0  stm32f10x_dac.o ABSOLUTE
    ..\Libraries\STM32F10x_StdPeriph_Driver\src\stm32f10x_dbgmcu.c 0x00000000   Number         0  stm32f10x_dbgmcu.o ABSOLUTE
    ..\Libraries\STM32F10x_StdPeriph_Driver\src\stm32f10x_dma.c 0x00000000   Number         0  stm32f10x_dma.o ABSOLUTE
    ..\Libraries\STM32F10x_StdPeriph_Driver\src\stm32f10x_exti.c 0x00000000   Number         0  stm32f10x_exti.o ABSOLUTE
    ..\Libraries\STM32F10x_StdPeriph_Driver\src\stm32f10x_flash.c 0x00000000   Number         0  stm32f10x_flash.o ABSOLUTE
    ..\Libraries\STM32F10x_StdPeriph_Driver\src\stm32f10x_fsmc.c 0x00000000   Number         0  stm32f10x_fsmc.o ABSOLUTE
    ..\Libraries\STM32F10x_StdPeriph_Driver\src\stm32f10x_gpio.c 0x00000000   Number         0  stm32f10x_gpio.o ABSOLUTE
    ..\Libraries\STM32F10x_StdPeriph_Driver\src\stm32f10x_i2c.c 0x00000000   Number         0  stm32f10x_i2c.o ABSOLUTE
    ..\Libraries\STM32F10x_StdPeriph_Driver\src\stm32f10x_iwdg.c 0x00000000   Number         0  stm32f10x_iwdg.o ABSOLUTE
    ..\Libraries\STM32F10x_StdPeriph_Driver\src\stm32f10x_pwr.c 0x00000000   Number         0  stm32f10x_pwr.o ABSOLUTE
    ..\Libraries\STM32F10x_StdPeriph_Driver\src\stm32f10x_rcc.c 0x00000000   Number         0  stm32f10x_rcc.o ABSOLUTE
    ..\Libraries\STM32F10x_StdPeriph_Driver\src\stm32f10x_rtc.c 0x00000000   Number         0  stm32f10x_rtc.o ABSOLUTE
    ..\Libraries\STM32F10x_StdPeriph_Driver\src\stm32f10x_sdio.c 0x00000000   Number         0  stm32f10x_sdio.o ABSOLUTE
    ..\Libraries\STM32F10x_StdPeriph_Driver\src\stm32f10x_spi.c 0x00000000   Number         0  stm32f10x_spi.o ABSOLUTE
    ..\Libraries\STM32F10x_StdPeriph_Driver\src\stm32f10x_tim.c 0x00000000   Number         0  stm32f10x_tim.o ABSOLUTE
    ..\Libraries\STM32F10x_StdPeriph_Driver\src\stm32f10x_usart.c 0x00000000   Number         0  stm32f10x_usart.o ABSOLUTE
    ..\Libraries\STM32F10x_StdPeriph_Driver\src\stm32f10x_wwdg.c 0x00000000   Number         0  stm32f10x_wwdg.o ABSOLUTE
    ..\Sre\adc.c                             0x00000000   Number         0  adc.o ABSOLUTE
    ..\Sre\beep.c                            0x00000000   Number         0  beep.o ABSOLUTE
    ..\Sre\e2prom.c                          0x00000000   Number         0  e2prom.o ABSOLUTE
    ..\Sre\i2c.c                             0x00000000   Number         0  i2c.o ABSOLUTE
    ..\Sre\key.c                             0x00000000   Number         0  key.o ABSOLUTE
    ..\Sre\lcd.c                             0x00000000   Number         0  lcd.o ABSOLUTE
    ..\Sre\led.c                             0x00000000   Number         0  led.o ABSOLUTE
    ..\Sre\main.c                            0x00000000   Number         0  main.o ABSOLUTE
    ..\Sre\pwm_ic.c                          0x00000000   Number         0  pwm_ic.o ABSOLUTE
    ..\Sre\pwm_oc.c                          0x00000000   Number         0  pwm_oc.o ABSOLUTE
    ..\Sre\rtc.c                             0x00000000   Number         0  rtc.o ABSOLUTE
    ..\Sre\stm32f10x_it.c                    0x00000000   Number         0  stm32f10x_it.o ABSOLUTE
    ..\Sre\timer.c                           0x00000000   Number         0  timer.o ABSOLUTE
    ..\Sre\usart2.c                          0x00000000   Number         0  usart2.o ABSOLUTE
    ..\\Libraries\\CMSIS\\CM3\\CoreSupport\\core_cm3.c 0x00000000   Number         0  core_cm3.o ABSOLUTE
    dc.s                                     0x00000000   Number         0  dc.o ABSOLUTE
    startup_stm32f10x_md.s                   0x00000000   Number         0  startup_stm32f10x_md.o ABSOLUTE
    RESET                                    0x08000000   Section      236  startup_stm32f10x_md.o(RESET)
    !!!main                                  0x080000ec   Section        8  __main.o(!!!main)
    !!!scatter                               0x080000f4   Section       52  __scatter.o(!!!scatter)
    !!handler_copy                           0x08000128   Section       26  __scatter_copy.o(!!handler_copy)
    !!handler_zi                             0x08000144   Section       28  __scatter_zi.o(!!handler_zi)
    .ARM.Collect$$_printf_percent$$00000000  0x08000160   Section        0  _printf_percent.o(.ARM.Collect$$_printf_percent$$00000000)
    .ARM.Collect$$_printf_percent$$00000009  0x08000160   Section        6  _printf_d.o(.ARM.Collect$$_printf_percent$$00000009)
    .ARM.Collect$$_printf_percent$$00000017  0x08000166   Section        4  _printf_percent_end.o(.ARM.Collect$$_printf_percent$$00000017)
    .ARM.Collect$$libinit$$00000000          0x0800016a   Section        2  libinit.o(.ARM.Collect$$libinit$$00000000)
    .ARM.Collect$$libinit$$00000002          0x0800016c   Section        0  libinit2.o(.ARM.Collect$$libinit$$00000002)
    .ARM.Collect$$libinit$$00000004          0x0800016c   Section        0  libinit2.o(.ARM.Collect$$libinit$$00000004)
    .ARM.Collect$$libinit$$0000000A          0x0800016c   Section        0  libinit2.o(.ARM.Collect$$libinit$$0000000A)
    .ARM.Collect$$libinit$$0000000C          0x0800016c   Section        0  libinit2.o(.ARM.Collect$$libinit$$0000000C)
    .ARM.Collect$$libinit$$0000000E          0x0800016c   Section        0  libinit2.o(.ARM.Collect$$libinit$$0000000E)
    .ARM.Collect$$libinit$$00000011          0x0800016c   Section        0  libinit2.o(.ARM.Collect$$libinit$$00000011)
    .ARM.Collect$$libinit$$00000013          0x0800016c   Section        0  libinit2.o(.ARM.Collect$$libinit$$00000013)
    .ARM.Collect$$libinit$$00000015          0x0800016c   Section        0  libinit2.o(.ARM.Collect$$libinit$$00000015)
    .ARM.Collect$$libinit$$00000017          0x0800016c   Section        0  libinit2.o(.ARM.Collect$$libinit$$00000017)
    .ARM.Collect$$libinit$$00000019          0x0800016c   Section        0  libinit2.o(.ARM.Collect$$libinit$$00000019)
    .ARM.Collect$$libinit$$0000001B          0x0800016c   Section        0  libinit2.o(.ARM.Collect$$libinit$$0000001B)
    .ARM.Collect$$libinit$$0000001D          0x0800016c   Section        0  libinit2.o(.ARM.Collect$$libinit$$0000001D)
    .ARM.Collect$$libinit$$0000001F          0x0800016c   Section        0  libinit2.o(.ARM.Collect$$libinit$$0000001F)
    .ARM.Collect$$libinit$$00000021          0x0800016c   Section        0  libinit2.o(.ARM.Collect$$libinit$$00000021)
    .ARM.Collect$$libinit$$00000023          0x0800016c   Section        0  libinit2.o(.ARM.Collect$$libinit$$00000023)
    .ARM.Collect$$libinit$$00000025          0x0800016c   Section        0  libinit2.o(.ARM.Collect$$libinit$$00000025)
    .ARM.Collect$$libinit$$0000002C          0x0800016c   Section        0  libinit2.o(.ARM.Collect$$libinit$$0000002C)
    .ARM.Collect$$libinit$$0000002E          0x0800016c   Section        0  libinit2.o(.ARM.Collect$$libinit$$0000002E)
    .ARM.Collect$$libinit$$00000030          0x0800016c   Section        0  libinit2.o(.ARM.Collect$$libinit$$00000030)
    .ARM.Collect$$libinit$$00000032          0x0800016c   Section        0  libinit2.o(.ARM.Collect$$libinit$$00000032)
    .ARM.Collect$$libinit$$00000033          0x0800016c   Section        2  libinit2.o(.ARM.Collect$$libinit$$00000033)
    .ARM.Collect$$libshutdown$$00000000      0x0800016e   Section        2  libshutdown.o(.ARM.Collect$$libshutdown$$00000000)
    .ARM.Collect$$libshutdown$$00000002      0x08000170   Section        0  libshutdown2.o(.ARM.Collect$$libshutdown$$00000002)
    .ARM.Collect$$libshutdown$$00000004      0x08000170   Section        0  libshutdown2.o(.ARM.Collect$$libshutdown$$00000004)
    .ARM.Collect$$libshutdown$$00000007      0x08000170   Section        0  libshutdown2.o(.ARM.Collect$$libshutdown$$00000007)
    .ARM.Collect$$libshutdown$$0000000A      0x08000170   Section        0  libshutdown2.o(.ARM.Collect$$libshutdown$$0000000A)
    .ARM.Collect$$libshutdown$$0000000C      0x08000170   Section        0  libshutdown2.o(.ARM.Collect$$libshutdown$$0000000C)
    .ARM.Collect$$libshutdown$$0000000F      0x08000170   Section        0  libshutdown2.o(.ARM.Collect$$libshutdown$$0000000F)
    .ARM.Collect$$libshutdown$$00000010      0x08000170   Section        2  libshutdown2.o(.ARM.Collect$$libshutdown$$00000010)
    .ARM.Collect$$rtentry$$00000000          0x08000172   Section        0  __rtentry.o(.ARM.Collect$$rtentry$$00000000)
    .ARM.Collect$$rtentry$$00000002          0x08000172   Section        0  __rtentry2.o(.ARM.Collect$$rtentry$$00000002)
    .ARM.Collect$$rtentry$$00000004          0x08000172   Section        6  __rtentry4.o(.ARM.Collect$$rtentry$$00000004)
    .ARM.Collect$$rtentry$$00000009          0x08000178   Section        0  __rtentry2.o(.ARM.Collect$$rtentry$$00000009)
    .ARM.Collect$$rtentry$$0000000A          0x08000178   Section        4  __rtentry2.o(.ARM.Collect$$rtentry$$0000000A)
    .ARM.Collect$$rtentry$$0000000C          0x0800017c   Section        0  __rtentry2.o(.ARM.Collect$$rtentry$$0000000C)
    .ARM.Collect$$rtentry$$0000000D          0x0800017c   Section        8  __rtentry2.o(.ARM.Collect$$rtentry$$0000000D)
    .ARM.Collect$$rtexit$$00000000           0x08000184   Section        2  rtexit.o(.ARM.Collect$$rtexit$$00000000)
    .ARM.Collect$$rtexit$$00000002           0x08000186   Section        0  rtexit2.o(.ARM.Collect$$rtexit$$00000002)
    .ARM.Collect$$rtexit$$00000003           0x08000186   Section        4  rtexit2.o(.ARM.Collect$$rtexit$$00000003)
    .ARM.Collect$$rtexit$$00000004           0x0800018a   Section        6  rtexit2.o(.ARM.Collect$$rtexit$$00000004)
    .text                                    0x08000190   Section       64  startup_stm32f10x_md.o(.text)
    .text                                    0x080001d0   Section        0  noretval__2sprintf.o(.text)
    .text                                    0x080001f8   Section        0  __printf.o(.text)
    .text                                    0x08000260   Section        0  _printf_dec.o(.text)
    .text                                    0x080002d8   Section        0  heapauxi.o(.text)
    .text                                    0x080002de   Section        0  _printf_intcommon.o(.text)
    .text                                    0x08000390   Section        0  _printf_char_common.o(.text)
    _printf_input_char                       0x08000391   Thumb Code    10  _printf_char_common.o(.text)
    .text                                    0x080003c0   Section        0  _sputc.o(.text)
    .text                                    0x080003ca   Section       74  sys_stackheap_outer.o(.text)
    .text                                    0x08000414   Section        0  exit.o(.text)
    .text                                    0x08000428   Section        8  libspace.o(.text)
    .text                                    0x08000430   Section        0  sys_exit.o(.text)
    .text                                    0x0800043c   Section        2  use_no_semi.o(.text)
    .text                                    0x0800043e   Section        0  indicate_semi.o(.text)
    i.ADC1_Init                              0x08000440   Section        0  adc.o(i.ADC1_Init)
    i.ADC_Cmd                                0x080004c8   Section        0  stm32f10x_adc.o(i.ADC_Cmd)
    i.ADC_GetCalibrationStatus               0x080004de   Section        0  stm32f10x_adc.o(i.ADC_GetCalibrationStatus)
    i.ADC_GetResetCalibrationStatus          0x080004f2   Section        0  stm32f10x_adc.o(i.ADC_GetResetCalibrationStatus)
    i.ADC_Init                               0x08000508   Section        0  stm32f10x_adc.o(i.ADC_Init)
    i.ADC_ResetCalibration                   0x08000558   Section        0  stm32f10x_adc.o(i.ADC_ResetCalibration)
    i.ADC_StartCalibration                   0x08000562   Section        0  stm32f10x_adc.o(i.ADC_StartCalibration)
    i.Beep                                   0x0800056c   Section        0  beep.o(i.Beep)
    i.BeepInit                               0x08000594   Section        0  beep.o(i.BeepInit)
    i.BeepScan                               0x080005d0   Section        0  beep.o(i.BeepScan)
    i.BusFault_Handler                       0x08000608   Section        0  stm32f10x_it.o(i.BusFault_Handler)
    i.DebugMon_Handler                       0x0800060c   Section        0  stm32f10x_it.o(i.DebugMon_Handler)
    i.Delay_LCD                              0x0800060e   Section        0  lcd.o(i.Delay_LCD)
    i.Delay_Ms                               0x0800062c   Section        0  main.o(i.Delay_Ms)
    i.E2Read                                 0x08000640   Section        0  e2prom.o(i.E2Read)
    i.E2Write                                0x0800067c   Section        0  e2prom.o(i.E2Write)
    i.GPIO_Init                              0x080006aa   Section        0  stm32f10x_gpio.o(i.GPIO_Init)
    i.GPIO_PinRemapConfig                    0x080007c0   Section        0  stm32f10x_gpio.o(i.GPIO_PinRemapConfig)
    i.GPIO_ReadInputDataBit                  0x08000850   Section        0  stm32f10x_gpio.o(i.GPIO_ReadInputDataBit)
    i.GPIO_ResetBits                         0x08000862   Section        0  stm32f10x_gpio.o(i.GPIO_ResetBits)
    i.GPIO_SetBits                           0x08000866   Section        0  stm32f10x_gpio.o(i.GPIO_SetBits)
    i.HardFault_Handler                      0x0800086a   Section        0  stm32f10x_it.o(i.HardFault_Handler)
    i.I2CReceiveByte                         0x0800086e   Section        0  i2c.o(i.I2CReceiveByte)
    i.I2CSendByte                            0x080008c6   Section        0  i2c.o(i.I2CSendByte)
    i.I2CStart                               0x0800091e   Section        0  i2c.o(i.I2CStart)
    i.I2CStop                                0x0800095a   Section        0  i2c.o(i.I2CStop)
    i.I2CWaitAck                             0x08000996   Section        0  i2c.o(i.I2CWaitAck)
    i.KeyAction                              0x080009f0   Section        0  main.o(i.KeyAction)
    i.KeyDriver                              0x08000ad4   Section        0  key.o(i.KeyDriver)
    i.KeyInit                                0x08000b50   Section        0  key.o(i.KeyInit)
    i.KeyScan                                0x08000b90   Section        0  key.o(i.KeyScan)
    i.LCD_BusIn                              0x08000c38   Section        0  lcd.o(i.LCD_BusIn)
    i.LCD_BusOut                             0x08000c5c   Section        0  lcd.o(i.LCD_BusOut)
    i.LCD_Clear                              0x08000c80   Section        0  lcd.o(i.LCD_Clear)
    i.LCD_CtrlLinesConfig                    0x08000ca8   Section        0  lcd.o(i.LCD_CtrlLinesConfig)
    i.LCD_DisplayChar                        0x08000cf0   Section        0  lcd.o(i.LCD_DisplayChar)
    i.LCD_DisplayStringLine                  0x08000d18   Section        0  lcd.o(i.LCD_DisplayStringLine)
    i.LCD_DrawChar                           0x08000d44   Section        0  lcd.o(i.LCD_DrawChar)
    i.LCD_ReadReg                            0x08000db0   Section        0  lcd.o(i.LCD_ReadReg)
    i.LCD_SetBackColor                       0x08000e0c   Section        0  lcd.o(i.LCD_SetBackColor)
    i.LCD_SetCursor                          0x08000e1c   Section        0  lcd.o(i.LCD_SetCursor)
    i.LCD_SetTextColor                       0x08000e34   Section        0  lcd.o(i.LCD_SetTextColor)
    i.LCD_WriteRAM                           0x08000e44   Section        0  lcd.o(i.LCD_WriteRAM)
    i.LCD_WriteRAM_Prepare                   0x08000e78   Section        0  lcd.o(i.LCD_WriteRAM_Prepare)
    i.LCD_WriteReg                           0x08000eac   Section        0  lcd.o(i.LCD_WriteReg)
    i.LED_Init                               0x08000eec   Section        0  led.o(i.LED_Init)
    i.MemManage_Handler                      0x08000f64   Section        0  stm32f10x_it.o(i.MemManage_Handler)
    i.NMI_Handler                            0x08000f68   Section        0  stm32f10x_it.o(i.NMI_Handler)
    i.NVIC_Init                              0x08000f6c   Section        0  misc.o(i.NVIC_Init)
    i.PWM_IC_Init                            0x08000fdc   Section        0  pwm_ic.o(i.PWM_IC_Init)
    i.PendSV_Handler                         0x080010b0   Section        0  stm32f10x_it.o(i.PendSV_Handler)
    i.RCC_ADCCLKConfig                       0x080010b4   Section        0  stm32f10x_rcc.o(i.RCC_ADCCLKConfig)
    i.RCC_APB1PeriphClockCmd                 0x080010cc   Section        0  stm32f10x_rcc.o(i.RCC_APB1PeriphClockCmd)
    i.RCC_APB2PeriphClockCmd                 0x080010ec   Section        0  stm32f10x_rcc.o(i.RCC_APB2PeriphClockCmd)
    i.RCC_GetClocksFreq                      0x0800110c   Section        0  stm32f10x_rcc.o(i.RCC_GetClocksFreq)
    i.REG_8230_Init                          0x080011e0   Section        0  lcd.o(i.REG_8230_Init)
    i.REG_932X_Init                          0x08001300   Section        0  lcd.o(i.REG_932X_Init)
    i.RefreshLed                             0x08001504   Section        0  main.o(i.RefreshLed)
    i.RefreshN                               0x080015a0   Section        0  main.o(i.RefreshN)
    i.SCL_Output                             0x080015fc   Section        0  i2c.o(i.SCL_Output)
    i.SDA_Input                              0x0800161c   Section        0  i2c.o(i.SDA_Input)
    i.SDA_Input_Mode                         0x0800162c   Section        0  i2c.o(i.SDA_Input_Mode)
    i.SDA_Output                             0x08001650   Section        0  i2c.o(i.SDA_Output)
    i.SDA_Output_Mode                        0x08001670   Section        0  i2c.o(i.SDA_Output_Mode)
    i.STM3210B_LCD_Init                      0x08001694   Section        0  lcd.o(i.STM3210B_LCD_Init)
    i.SVC_Handler                            0x080016cc   Section        0  stm32f10x_it.o(i.SVC_Handler)
    i.SetSysClock                            0x080016ce   Section        0  system_stm32f10x.o(i.SetSysClock)
    SetSysClock                              0x080016cf   Thumb Code     8  system_stm32f10x.o(i.SetSysClock)
    i.SetSysClockTo72                        0x080016d8   Section        0  system_stm32f10x.o(i.SetSysClockTo72)
    SetSysClockTo72                          0x080016d9   Thumb Code   214  system_stm32f10x.o(i.SetSysClockTo72)
    i.ShowRealData                           0x080017b8   Section        0  main.o(i.ShowRealData)
    i.SysTick_Handler                        0x080018a4   Section        0  stm32f10x_it.o(i.SysTick_Handler)
    i.SystemInit                             0x080018b4   Section        0  system_stm32f10x.o(i.SystemInit)
    i.TI1_Config                             0x08001914   Section        0  stm32f10x_tim.o(i.TI1_Config)
    TI1_Config                               0x08001915   Thumb Code   108  stm32f10x_tim.o(i.TI1_Config)
    i.TI2_Config                             0x08001994   Section        0  stm32f10x_tim.o(i.TI2_Config)
    TI2_Config                               0x08001995   Thumb Code   130  stm32f10x_tim.o(i.TI2_Config)
    i.TI3_Config                             0x08001a2c   Section        0  stm32f10x_tim.o(i.TI3_Config)
    TI3_Config                               0x08001a2d   Thumb Code   122  stm32f10x_tim.o(i.TI3_Config)
    i.TI4_Config                             0x08001abc   Section        0  stm32f10x_tim.o(i.TI4_Config)
    TI4_Config                               0x08001abd   Thumb Code   130  stm32f10x_tim.o(i.TI4_Config)
    i.TIM2_IRQHandler                        0x08001b54   Section        0  stm32f10x_it.o(i.TIM2_IRQHandler)
    i.TIM3_IRQHandler                        0x08001c20   Section        0  stm32f10x_it.o(i.TIM3_IRQHandler)
    i.TIM3_OUTPUT_Init                       0x08001cec   Section        0  pwm_oc.o(i.TIM3_OUTPUT_Init)
    i.TIM4_IRQHandler                        0x08001e18   Section        0  stm32f10x_it.o(i.TIM4_IRQHandler)
    i.TIM4_Init                              0x08001eb8   Section        0  timer.o(i.TIM4_Init)
    i.TIM_ClearITPendingBit                  0x08001f1c   Section        0  stm32f10x_tim.o(i.TIM_ClearITPendingBit)
    i.TIM_Cmd                                0x08001f22   Section        0  stm32f10x_tim.o(i.TIM_Cmd)
    i.TIM_GetCapture1                        0x08001f3a   Section        0  stm32f10x_tim.o(i.TIM_GetCapture1)
    i.TIM_GetCapture2                        0x08001f40   Section        0  stm32f10x_tim.o(i.TIM_GetCapture2)
    i.TIM_GetCounter                         0x08001f46   Section        0  stm32f10x_tim.o(i.TIM_GetCounter)
    i.TIM_GetITStatus                        0x08001f4c   Section        0  stm32f10x_tim.o(i.TIM_GetITStatus)
    i.TIM_ICInit                             0x08001f70   Section        0  stm32f10x_tim.o(i.TIM_ICInit)
    i.TIM_ITConfig                           0x0800201c   Section        0  stm32f10x_tim.o(i.TIM_ITConfig)
    i.TIM_OC1Init                            0x08002030   Section        0  stm32f10x_tim.o(i.TIM_OC1Init)
    i.TIM_OC2Init                            0x080020c8   Section        0  stm32f10x_tim.o(i.TIM_OC2Init)
    i.TIM_SetCompare1                        0x0800216c   Section        0  stm32f10x_tim.o(i.TIM_SetCompare1)
    i.TIM_SetCompare2                        0x08002170   Section        0  stm32f10x_tim.o(i.TIM_SetCompare2)
    i.TIM_SetCounter                         0x08002174   Section        0  stm32f10x_tim.o(i.TIM_SetCounter)
    i.TIM_SetIC1Prescaler                    0x08002178   Section        0  stm32f10x_tim.o(i.TIM_SetIC1Prescaler)
    i.TIM_SetIC2Prescaler                    0x0800218a   Section        0  stm32f10x_tim.o(i.TIM_SetIC2Prescaler)
    i.TIM_SetIC3Prescaler                    0x080021a4   Section        0  stm32f10x_tim.o(i.TIM_SetIC3Prescaler)
    i.TIM_SetIC4Prescaler                    0x080021b6   Section        0  stm32f10x_tim.o(i.TIM_SetIC4Prescaler)
    i.TIM_TimeBaseInit                       0x080021d0   Section        0  stm32f10x_tim.o(i.TIM_TimeBaseInit)
    i.USART2_IRQHandler                      0x08002274   Section        0  stm32f10x_it.o(i.USART2_IRQHandler)
    i.USART2_Init                            0x080022d8   Section        0  usart2.o(i.USART2_Init)
    i.USART_ClearITPendingBit                0x0800237c   Section        0  stm32f10x_usart.o(i.USART_ClearITPendingBit)
    i.USART_Cmd                              0x0800239a   Section        0  stm32f10x_usart.o(i.USART_Cmd)
    i.USART_GetITStatus                      0x080023b2   Section        0  stm32f10x_usart.o(i.USART_GetITStatus)
    i.USART_ITConfig                         0x08002406   Section        0  stm32f10x_usart.o(i.USART_ITConfig)
    i.USART_Init                             0x08002450   Section        0  stm32f10x_usart.o(i.USART_Init)
    i.USART_ReceiveData                      0x08002528   Section        0  stm32f10x_usart.o(i.USART_ReceiveData)
    i.UartAction                             0x08002534   Section        0  main.o(i.UartAction)
    i.UsageFault_Handler                     0x080025bc   Section        0  stm32f10x_it.o(i.UsageFault_Handler)
    i.delay1                                 0x080025c0   Section        0  i2c.o(i.delay1)
    i.i2c_init                               0x080025cc   Section        0  i2c.o(i.i2c_init)
    i.main                                   0x080025f8   Section        0  main.o(i.main)
    x$fpl$dadd                               0x080027ec   Section      336  daddsub_clz.o(x$fpl$dadd)
    _dadd1                                   0x080027fd   Thumb Code     0  daddsub_clz.o(x$fpl$dadd)
    x$fpl$dfixu                              0x0800293c   Section       90  dfixu.o(x$fpl$dfixu)
    x$fpl$dfltu                              0x08002996   Section       38  dflt_clz.o(x$fpl$dfltu)
    x$fpl$dmul                               0x080029bc   Section      340  dmul.o(x$fpl$dmul)
    x$fpl$dnaninf                            0x08002b10   Section      156  dnaninf.o(x$fpl$dnaninf)
    x$fpl$dretinf                            0x08002bac   Section       12  dretinf.o(x$fpl$dretinf)
    x$fpl$dsub                               0x08002bb8   Section      468  daddsub_clz.o(x$fpl$dsub)
    _dsub1                                   0x08002bc9   Thumb Code     0  daddsub_clz.o(x$fpl$dsub)
    .constdata                               0x08002d8c   Section     4560  lcd.o(.constdata)
    x$fpl$usenofp                            0x08002d8c   Section        0  usenofp.o(x$fpl$usenofp)
    .data                                    0x20000000   Section       20  system_stm32f10x.o(.data)
    .data                                    0x20000014   Section       20  stm32f10x_rcc.o(.data)
    APBAHBPrescTable                         0x20000014   Data          16  stm32f10x_rcc.o(.data)
    ADCPrescTable                            0x20000024   Data           4  stm32f10x_rcc.o(.data)
    .data                                    0x20000028   Section        6  lcd.o(.data)
    TextColor                                0x20000028   Data           2  lcd.o(.data)
    BackColor                                0x2000002a   Data           2  lcd.o(.data)
    .data                                    0x20000030   Section       28  main.o(.data)
    .data                                    0x2000004c   Section       24  stm32f10x_it.o(.data)
    tmr200ms                                 0x2000005e   Data           2  stm32f10x_it.o(.data)
    tmr500ms                                 0x20000060   Data           2  stm32f10x_it.o(.data)
    tmr1s                                    0x20000062   Data           2  stm32f10x_it.o(.data)
    .data                                    0x20000064   Section        8  pwm_oc.o(.data)
    .data                                    0x2000006c   Section       28  key.o(.data)
    backup                                   0x20000078   Data           4  key.o(.data)
    TimeThr                                  0x2000007c   Data           8  key.o(.data)
    keybuf                                   0x20000084   Data           4  key.o(.data)
    .data                                    0x20000088   Section        4  beep.o(.data)
    .bss                                     0x2000008c   Section       40  main.o(.bss)
    .bss                                     0x200000b4   Section       96  libspace.o(.bss)
    HEAP                                     0x20000118   Section      512  startup_stm32f10x_md.o(HEAP)
    Heap_Mem                                 0x20000118   Data         512  startup_stm32f10x_md.o(HEAP)
    STACK                                    0x20000318   Section     1024  startup_stm32f10x_md.o(STACK)
    Stack_Mem                                0x20000318   Data        1024  startup_stm32f10x_md.o(STACK)
    __initial_sp                             0x20000718   Data           0  startup_stm32f10x_md.o(STACK)

    Global Symbols

    Symbol Name                              Value     Ov Type        Size  Object(Section)

    BuildAttributes$$THM_ISAv4$P$D$K$B$S$PE$A:L22UL41UL21$X:L11$S22US41US21$IEEE1$IW$USESV6$~STKCKD$USESV7$~SHL$OSPACE$ROPI$EBA8$UX$STANDARDLIB$REQ8$PRES8$EABIv2 0x00000000   Number         0  anon$$obj.o ABSOLUTE
    __ARM_use_no_argv                        0x00000000   Number         0  main.o ABSOLUTE
    __ARM_exceptions_init                     - Undefined Weak Reference
    __alloca_initialize                       - Undefined Weak Reference
    __arm_preinit_                            - Undefined Weak Reference
    __cpp_initialize__aeabi_                  - Undefined Weak Reference
    __cxa_finalize                            - Undefined Weak Reference
    __rt_locale                               - Undefined Weak Reference
    __sigvec_lookup                           - Undefined Weak Reference
    _atexit_init                              - Undefined Weak Reference
    _call_atexit_fns                          - Undefined Weak Reference
    _clock_init                               - Undefined Weak Reference
    _fp_trap_init                             - Undefined Weak Reference
    _fp_trap_shutdown                         - Undefined Weak Reference
    _get_lc_collate                           - Undefined Weak Reference
    _get_lc_ctype                             - Undefined Weak Reference
    _get_lc_monetary                          - Undefined Weak Reference
    _get_lc_numeric                           - Undefined Weak Reference
    _get_lc_time                              - Undefined Weak Reference
    _getenv_init                              - Undefined Weak Reference
    _handle_redirection                       - Undefined Weak Reference
    _init_alloc                               - Undefined Weak Reference
    _init_user_alloc                          - Undefined Weak Reference
    _initio                                   - Undefined Weak Reference
    _printf_post_padding                      - Undefined Weak Reference
    _printf_pre_padding                       - Undefined Weak Reference
    _printf_truncate_signed                   - Undefined Weak Reference
    _printf_truncate_unsigned                 - Undefined Weak Reference
    _rand_init                                - Undefined Weak Reference
    _signal_finish                            - Undefined Weak Reference
    _signal_init                              - Undefined Weak Reference
    _terminate_alloc                          - Undefined Weak Reference
    _terminate_user_alloc                     - Undefined Weak Reference
    _terminateio                              - Undefined Weak Reference
    __Vectors_Size                           0x000000ec   Number         0  startup_stm32f10x_md.o ABSOLUTE
    __Vectors                                0x08000000   Data           4  startup_stm32f10x_md.o(RESET)
    __Vectors_End                            0x080000ec   Data           0  startup_stm32f10x_md.o(RESET)
    __main                                   0x080000ed   Thumb Code     8  __main.o(!!!main)
    __scatterload                            0x080000f5   Thumb Code     0  __scatter.o(!!!scatter)
    __scatterload_rt2                        0x080000f5   Thumb Code    44  __scatter.o(!!!scatter)
    __scatterload_rt2_thumb_only             0x080000f5   Thumb Code     0  __scatter.o(!!!scatter)
    __scatterload_null                       0x08000103   Thumb Code     0  __scatter.o(!!!scatter)
    __scatterload_copy                       0x08000129   Thumb Code    26  __scatter_copy.o(!!handler_copy)
    __scatterload_zeroinit                   0x08000145   Thumb Code    28  __scatter_zi.o(!!handler_zi)
    _printf_d                                0x08000161   Thumb Code     0  _printf_d.o(.ARM.Collect$$_printf_percent$$00000009)
    _printf_percent                          0x08000161   Thumb Code     0  _printf_percent.o(.ARM.Collect$$_printf_percent$$00000000)
    _printf_percent_end                      0x08000167   Thumb Code     0  _printf_percent_end.o(.ARM.Collect$$_printf_percent$$00000017)
    __rt_lib_init                            0x0800016b   Thumb Code     0  libinit.o(.ARM.Collect$$libinit$$00000000)
    __rt_lib_init_alloca_1                   0x0800016d   Thumb Code     0  libinit2.o(.ARM.Collect$$libinit$$0000002E)
    __rt_lib_init_argv_1                     0x0800016d   Thumb Code     0  libinit2.o(.ARM.Collect$$libinit$$0000002C)
    __rt_lib_init_atexit_1                   0x0800016d   Thumb Code     0  libinit2.o(.ARM.Collect$$libinit$$0000001B)
    __rt_lib_init_clock_1                    0x0800016d   Thumb Code     0  libinit2.o(.ARM.Collect$$libinit$$00000021)
    __rt_lib_init_cpp_1                      0x0800016d   Thumb Code     0  libinit2.o(.ARM.Collect$$libinit$$00000032)
    __rt_lib_init_exceptions_1               0x0800016d   Thumb Code     0  libinit2.o(.ARM.Collect$$libinit$$00000030)
    __rt_lib_init_fp_1                       0x0800016d   Thumb Code     0  libinit2.o(.ARM.Collect$$libinit$$00000002)
    __rt_lib_init_fp_trap_1                  0x0800016d   Thumb Code     0  libinit2.o(.ARM.Collect$$libinit$$0000001F)
    __rt_lib_init_getenv_1                   0x0800016d   Thumb Code     0  libinit2.o(.ARM.Collect$$libinit$$00000023)
    __rt_lib_init_heap_1                     0x0800016d   Thumb Code     0  libinit2.o(.ARM.Collect$$libinit$$0000000A)
    __rt_lib_init_lc_collate_1               0x0800016d   Thumb Code     0  libinit2.o(.ARM.Collect$$libinit$$00000011)
    __rt_lib_init_lc_ctype_1                 0x0800016d   Thumb Code     0  libinit2.o(.ARM.Collect$$libinit$$00000013)
    __rt_lib_init_lc_monetary_1              0x0800016d   Thumb Code     0  libinit2.o(.ARM.Collect$$libinit$$00000015)
    __rt_lib_init_lc_numeric_1               0x0800016d   Thumb Code     0  libinit2.o(.ARM.Collect$$libinit$$00000017)
    __rt_lib_init_lc_time_1                  0x0800016d   Thumb Code     0  libinit2.o(.ARM.Collect$$libinit$$00000019)
    __rt_lib_init_preinit_1                  0x0800016d   Thumb Code     0  libinit2.o(.ARM.Collect$$libinit$$00000004)
    __rt_lib_init_rand_1                     0x0800016d   Thumb Code     0  libinit2.o(.ARM.Collect$$libinit$$0000000E)
    __rt_lib_init_return                     0x0800016d   Thumb Code     0  libinit2.o(.ARM.Collect$$libinit$$00000033)
    __rt_lib_init_signal_1                   0x0800016d   Thumb Code     0  libinit2.o(.ARM.Collect$$libinit$$0000001D)
    __rt_lib_init_stdio_1                    0x0800016d   Thumb Code     0  libinit2.o(.ARM.Collect$$libinit$$00000025)
    __rt_lib_init_user_alloc_1               0x0800016d   Thumb Code     0  libinit2.o(.ARM.Collect$$libinit$$0000000C)
    __rt_lib_shutdown                        0x0800016f   Thumb Code     0  libshutdown.o(.ARM.Collect$$libshutdown$$00000000)
    __rt_lib_shutdown_cpp_1                  0x08000171   Thumb Code     0  libshutdown2.o(.ARM.Collect$$libshutdown$$00000002)
    __rt_lib_shutdown_fp_trap_1              0x08000171   Thumb Code     0  libshutdown2.o(.ARM.Collect$$libshutdown$$00000007)
    __rt_lib_shutdown_heap_1                 0x08000171   Thumb Code     0  libshutdown2.o(.ARM.Collect$$libshutdown$$0000000F)
    __rt_lib_shutdown_return                 0x08000171   Thumb Code     0  libshutdown2.o(.ARM.Collect$$libshutdown$$00000010)
    __rt_lib_shutdown_signal_1               0x08000171   Thumb Code     0  libshutdown2.o(.ARM.Collect$$libshutdown$$0000000A)
    __rt_lib_shutdown_stdio_1                0x08000171   Thumb Code     0  libshutdown2.o(.ARM.Collect$$libshutdown$$00000004)
    __rt_lib_shutdown_user_alloc_1           0x08000171   Thumb Code     0  libshutdown2.o(.ARM.Collect$$libshutdown$$0000000C)
    __rt_entry                               0x08000173   Thumb Code     0  __rtentry.o(.ARM.Collect$$rtentry$$00000000)
    __rt_entry_presh_1                       0x08000173   Thumb Code     0  __rtentry2.o(.ARM.Collect$$rtentry$$00000002)
    __rt_entry_sh                            0x08000173   Thumb Code     0  __rtentry4.o(.ARM.Collect$$rtentry$$00000004)
    __rt_entry_li                            0x08000179   Thumb Code     0  __rtentry2.o(.ARM.Collect$$rtentry$$0000000A)
    __rt_entry_postsh_1                      0x08000179   Thumb Code     0  __rtentry2.o(.ARM.Collect$$rtentry$$00000009)
    __rt_entry_main                          0x0800017d   Thumb Code     0  __rtentry2.o(.ARM.Collect$$rtentry$$0000000D)
    __rt_entry_postli_1                      0x0800017d   Thumb Code     0  __rtentry2.o(.ARM.Collect$$rtentry$$0000000C)
    __rt_exit                                0x08000185   Thumb Code     0  rtexit.o(.ARM.Collect$$rtexit$$00000000)
    __rt_exit_ls                             0x08000187   Thumb Code     0  rtexit2.o(.ARM.Collect$$rtexit$$00000003)
    __rt_exit_prels_1                        0x08000187   Thumb Code     0  rtexit2.o(.ARM.Collect$$rtexit$$00000002)
    __rt_exit_exit                           0x0800018b   Thumb Code     0  rtexit2.o(.ARM.Collect$$rtexit$$00000004)
    Reset_Handler                            0x08000191   Thumb Code     8  startup_stm32f10x_md.o(.text)
    ADC1_2_IRQHandler                        0x080001ab   Thumb Code     0  startup_stm32f10x_md.o(.text)
    CAN1_RX1_IRQHandler                      0x080001ab   Thumb Code     0  startup_stm32f10x_md.o(.text)
    CAN1_SCE_IRQHandler                      0x080001ab   Thumb Code     0  startup_stm32f10x_md.o(.text)
    DMA1_Channel1_IRQHandler                 0x080001ab   Thumb Code     0  startup_stm32f10x_md.o(.text)
    DMA1_Channel2_IRQHandler                 0x080001ab   Thumb Code     0  startup_stm32f10x_md.o(.text)
    DMA1_Channel3_IRQHandler                 0x080001ab   Thumb Code     0  startup_stm32f10x_md.o(.text)
    DMA1_Channel4_IRQHandler                 0x080001ab   Thumb Code     0  startup_stm32f10x_md.o(.text)
    DMA1_Channel5_IRQHandler                 0x080001ab   Thumb Code     0  startup_stm32f10x_md.o(.text)
    DMA1_Channel6_IRQHandler                 0x080001ab   Thumb Code     0  startup_stm32f10x_md.o(.text)
    DMA1_Channel7_IRQHandler                 0x080001ab   Thumb Code     0  startup_stm32f10x_md.o(.text)
    EXTI0_IRQHandler                         0x080001ab   Thumb Code     0  startup_stm32f10x_md.o(.text)
    EXTI15_10_IRQHandler                     0x080001ab   Thumb Code     0  startup_stm32f10x_md.o(.text)
    EXTI1_IRQHandler                         0x080001ab   Thumb Code     0  startup_stm32f10x_md.o(.text)
    EXTI2_IRQHandler                         0x080001ab   Thumb Code     0  startup_stm32f10x_md.o(.text)
    EXTI3_IRQHandler                         0x080001ab   Thumb Code     0  startup_stm32f10x_md.o(.text)
    EXTI4_IRQHandler                         0x080001ab   Thumb Code     0  startup_stm32f10x_md.o(.text)
    EXTI9_5_IRQHandler                       0x080001ab   Thumb Code     0  startup_stm32f10x_md.o(.text)
    FLASH_IRQHandler                         0x080001ab   Thumb Code     0  startup_stm32f10x_md.o(.text)
    I2C1_ER_IRQHandler                       0x080001ab   Thumb Code     0  startup_stm32f10x_md.o(.text)
    I2C1_EV_IRQHandler                       0x080001ab   Thumb Code     0  startup_stm32f10x_md.o(.text)
    I2C2_ER_IRQHandler                       0x080001ab   Thumb Code     0  startup_stm32f10x_md.o(.text)
    I2C2_EV_IRQHandler                       0x080001ab   Thumb Code     0  startup_stm32f10x_md.o(.text)
    PVD_IRQHandler                           0x080001ab   Thumb Code     0  startup_stm32f10x_md.o(.text)
    RCC_IRQHandler                           0x080001ab   Thumb Code     0  startup_stm32f10x_md.o(.text)
    RTCAlarm_IRQHandler                      0x080001ab   Thumb Code     0  startup_stm32f10x_md.o(.text)
    RTC_IRQHandler                           0x080001ab   Thumb Code     0  startup_stm32f10x_md.o(.text)
    SPI1_IRQHandler                          0x080001ab   Thumb Code     0  startup_stm32f10x_md.o(.text)
    SPI2_IRQHandler                          0x080001ab   Thumb Code     0  startup_stm32f10x_md.o(.text)
    TAMPER_IRQHandler                        0x080001ab   Thumb Code     0  startup_stm32f10x_md.o(.text)
    TIM1_BRK_IRQHandler                      0x080001ab   Thumb Code     0  startup_stm32f10x_md.o(.text)
    TIM1_CC_IRQHandler                       0x080001ab   Thumb Code     0  startup_stm32f10x_md.o(.text)
    TIM1_TRG_COM_IRQHandler                  0x080001ab   Thumb Code     0  startup_stm32f10x_md.o(.text)
    TIM1_UP_IRQHandler                       0x080001ab   Thumb Code     0  startup_stm32f10x_md.o(.text)
    USART1_IRQHandler                        0x080001ab   Thumb Code     0  startup_stm32f10x_md.o(.text)
    USART3_IRQHandler                        0x080001ab   Thumb Code     0  startup_stm32f10x_md.o(.text)
    USBWakeUp_IRQHandler                     0x080001ab   Thumb Code     0  startup_stm32f10x_md.o(.text)
    USB_HP_CAN1_TX_IRQHandler                0x080001ab   Thumb Code     0  startup_stm32f10x_md.o(.text)
    USB_LP_CAN1_RX0_IRQHandler               0x080001ab   Thumb Code     0  startup_stm32f10x_md.o(.text)
    WWDG_IRQHandler                          0x080001ab   Thumb Code     0  startup_stm32f10x_md.o(.text)
    __user_initial_stackheap                 0x080001ad   Thumb Code     0  startup_stm32f10x_md.o(.text)
    __2sprintf                               0x080001d1   Thumb Code    34  noretval__2sprintf.o(.text)
    __printf                                 0x080001f9   Thumb Code   104  __printf.o(.text)
    _printf_int_dec                          0x08000261   Thumb Code   104  _printf_dec.o(.text)
    __use_two_region_memory                  0x080002d9   Thumb Code     2  heapauxi.o(.text)
    __rt_heap_escrow$2region                 0x080002db   Thumb Code     2  heapauxi.o(.text)
    __rt_heap_expand$2region                 0x080002dd   Thumb Code     2  heapauxi.o(.text)
    _printf_int_common                       0x080002df   Thumb Code   178  _printf_intcommon.o(.text)
    _printf_char_common                      0x0800039b   Thumb Code    32  _printf_char_common.o(.text)
    _sputc                                   0x080003c1   Thumb Code    10  _sputc.o(.text)
    __user_setup_stackheap                   0x080003cb   Thumb Code    74  sys_stackheap_outer.o(.text)
    exit                                     0x08000415   Thumb Code    18  exit.o(.text)
    __user_libspace                          0x08000429   Thumb Code     8  libspace.o(.text)
    __user_perproc_libspace                  0x08000429   Thumb Code     0  libspace.o(.text)
    __user_perthread_libspace                0x08000429   Thumb Code     0  libspace.o(.text)
    _sys_exit                                0x08000431   Thumb Code     8  sys_exit.o(.text)
    __I$use$semihosting                      0x0800043d   Thumb Code     0  use_no_semi.o(.text)
    __use_no_semihosting_swi                 0x0800043d   Thumb Code     2  use_no_semi.o(.text)
    __semihosting_library_function           0x0800043f   Thumb Code     0  indicate_semi.o(.text)
    ADC1_Init                                0x08000441   Thumb Code   126  adc.o(i.ADC1_Init)
    ADC_Cmd                                  0x080004c9   Thumb Code    22  stm32f10x_adc.o(i.ADC_Cmd)
    ADC_GetCalibrationStatus                 0x080004df   Thumb Code    20  stm32f10x_adc.o(i.ADC_GetCalibrationStatus)
    ADC_GetResetCalibrationStatus            0x080004f3   Thumb Code    20  stm32f10x_adc.o(i.ADC_GetResetCalibrationStatus)
    ADC_Init                                 0x08000509   Thumb Code    70  stm32f10x_adc.o(i.ADC_Init)
    ADC_ResetCalibration                     0x08000559   Thumb Code    10  stm32f10x_adc.o(i.ADC_ResetCalibration)
    ADC_StartCalibration                     0x08000563   Thumb Code    10  stm32f10x_adc.o(i.ADC_StartCalibration)
    Beep                                     0x0800056d   Thumb Code    32  beep.o(i.Beep)
    BeepInit                                 0x08000595   Thumb Code    52  beep.o(i.BeepInit)
    BeepScan                                 0x080005d1   Thumb Code    46  beep.o(i.BeepScan)
    BusFault_Handler                         0x08000609   Thumb Code     4  stm32f10x_it.o(i.BusFault_Handler)
    DebugMon_Handler                         0x0800060d   Thumb Code     2  stm32f10x_it.o(i.DebugMon_Handler)
    Delay_LCD                                0x0800060f   Thumb Code    30  lcd.o(i.Delay_LCD)
    Delay_Ms                                 0x0800062d   Thumb Code    16  main.o(i.Delay_Ms)
    E2Read                                   0x08000641   Thumb Code    60  e2prom.o(i.E2Read)
    E2Write                                  0x0800067d   Thumb Code    46  e2prom.o(i.E2Write)
    GPIO_Init                                0x080006ab   Thumb Code   278  stm32f10x_gpio.o(i.GPIO_Init)
    GPIO_PinRemapConfig                      0x080007c1   Thumb Code   138  stm32f10x_gpio.o(i.GPIO_PinRemapConfig)
    GPIO_ReadInputDataBit                    0x08000851   Thumb Code    18  stm32f10x_gpio.o(i.GPIO_ReadInputDataBit)
    GPIO_ResetBits                           0x08000863   Thumb Code     4  stm32f10x_gpio.o(i.GPIO_ResetBits)
    GPIO_SetBits                             0x08000867   Thumb Code     4  stm32f10x_gpio.o(i.GPIO_SetBits)
    HardFault_Handler                        0x0800086b   Thumb Code     4  stm32f10x_it.o(i.HardFault_Handler)
    I2CReceiveByte                           0x0800086f   Thumb Code    88  i2c.o(i.I2CReceiveByte)
    I2CSendByte                              0x080008c7   Thumb Code    88  i2c.o(i.I2CSendByte)
    I2CStart                                 0x0800091f   Thumb Code    60  i2c.o(i.I2CStart)
    I2CStop                                  0x0800095b   Thumb Code    60  i2c.o(i.I2CStop)
    I2CWaitAck                               0x08000997   Thumb Code    88  i2c.o(i.I2CWaitAck)
    KeyAction                                0x080009f1   Thumb Code   212  main.o(i.KeyAction)
    KeyDriver                                0x08000ad5   Thumb Code   106  key.o(i.KeyDriver)
    KeyInit                                  0x08000b51   Thumb Code    54  key.o(i.KeyInit)
    KeyScan                                  0x08000b91   Thumb Code   148  key.o(i.KeyScan)
    LCD_BusIn                                0x08000c39   Thumb Code    32  lcd.o(i.LCD_BusIn)
    LCD_BusOut                               0x08000c5d   Thumb Code    32  lcd.o(i.LCD_BusOut)
    LCD_Clear                                0x08000c81   Thumb Code    38  lcd.o(i.LCD_Clear)
    LCD_CtrlLinesConfig                      0x08000ca9   Thumb Code    68  lcd.o(i.LCD_CtrlLinesConfig)
    LCD_DisplayChar                          0x08000cf1   Thumb Code    34  lcd.o(i.LCD_DisplayChar)
    LCD_DisplayStringLine                    0x08000d19   Thumb Code    44  lcd.o(i.LCD_DisplayStringLine)
    LCD_DrawChar                             0x08000d45   Thumb Code   100  lcd.o(i.LCD_DrawChar)
    LCD_ReadReg                              0x08000db1   Thumb Code    82  lcd.o(i.LCD_ReadReg)
    LCD_SetBackColor                         0x08000e0d   Thumb Code    12  lcd.o(i.LCD_SetBackColor)
    LCD_SetCursor                            0x08000e1d   Thumb Code    24  lcd.o(i.LCD_SetCursor)
    LCD_SetTextColor                         0x08000e35   Thumb Code    12  lcd.o(i.LCD_SetTextColor)
    LCD_WriteRAM                             0x08000e45   Thumb Code    42  lcd.o(i.LCD_WriteRAM)
    LCD_WriteRAM_Prepare                     0x08000e79   Thumb Code    44  lcd.o(i.LCD_WriteRAM_Prepare)
    LCD_WriteReg                             0x08000ead   Thumb Code    56  lcd.o(i.LCD_WriteReg)
    LED_Init                                 0x08000eed   Thumb Code   110  led.o(i.LED_Init)
    MemManage_Handler                        0x08000f65   Thumb Code     4  stm32f10x_it.o(i.MemManage_Handler)
    NMI_Handler                              0x08000f69   Thumb Code     2  stm32f10x_it.o(i.NMI_Handler)
    NVIC_Init                                0x08000f6d   Thumb Code   100  misc.o(i.NVIC_Init)
    PWM_IC_Init                              0x08000fdd   Thumb Code   206  pwm_ic.o(i.PWM_IC_Init)
    PendSV_Handler                           0x080010b1   Thumb Code     2  stm32f10x_it.o(i.PendSV_Handler)
    RCC_ADCCLKConfig                         0x080010b5   Thumb Code    18  stm32f10x_rcc.o(i.RCC_ADCCLKConfig)
    RCC_APB1PeriphClockCmd                   0x080010cd   Thumb Code    26  stm32f10x_rcc.o(i.RCC_APB1PeriphClockCmd)
    RCC_APB2PeriphClockCmd                   0x080010ed   Thumb Code    26  stm32f10x_rcc.o(i.RCC_APB2PeriphClockCmd)
    RCC_GetClocksFreq                        0x0800110d   Thumb Code   192  stm32f10x_rcc.o(i.RCC_GetClocksFreq)
    REG_8230_Init                            0x080011e1   Thumb Code   288  lcd.o(i.REG_8230_Init)
    REG_932X_Init                            0x08001301   Thumb Code   514  lcd.o(i.REG_932X_Init)
    RefreshLed                               0x08001505   Thumb Code   130  main.o(i.RefreshLed)
    RefreshN                                 0x080015a1   Thumb Code    76  main.o(i.RefreshN)
    SCL_Output                               0x080015fd   Thumb Code    26  i2c.o(i.SCL_Output)
    SDA_Input                                0x0800161d   Thumb Code    12  i2c.o(i.SDA_Input)
    SDA_Input_Mode                           0x0800162d   Thumb Code    30  i2c.o(i.SDA_Input_Mode)
    SDA_Output                               0x08001651   Thumb Code    26  i2c.o(i.SDA_Output)
    SDA_Output_Mode                          0x08001671   Thumb Code    30  i2c.o(i.SDA_Output_Mode)
    STM3210B_LCD_Init                        0x08001695   Thumb Code    50  lcd.o(i.STM3210B_LCD_Init)
    SVC_Handler                              0x080016cd   Thumb Code     2  stm32f10x_it.o(i.SVC_Handler)
    ShowRealData                             0x080017b9   Thumb Code   106  main.o(i.ShowRealData)
    SysTick_Handler                          0x080018a5   Thumb Code    12  stm32f10x_it.o(i.SysTick_Handler)
    SystemInit                               0x080018b5   Thumb Code    78  system_stm32f10x.o(i.SystemInit)
    TIM2_IRQHandler                          0x08001b55   Thumb Code   184  stm32f10x_it.o(i.TIM2_IRQHandler)
    TIM3_IRQHandler                          0x08001c21   Thumb Code   184  stm32f10x_it.o(i.TIM3_IRQHandler)
    TIM3_OUTPUT_Init                         0x08001ced   Thumb Code   278  pwm_oc.o(i.TIM3_OUTPUT_Init)
    TIM4_IRQHandler                          0x08001e19   Thumb Code   132  stm32f10x_it.o(i.TIM4_IRQHandler)
    TIM4_Init                                0x08001eb9   Thumb Code    96  timer.o(i.TIM4_Init)
    TIM_ClearITPendingBit                    0x08001f1d   Thumb Code     6  stm32f10x_tim.o(i.TIM_ClearITPendingBit)
    TIM_Cmd                                  0x08001f23   Thumb Code    24  stm32f10x_tim.o(i.TIM_Cmd)
    TIM_GetCapture1                          0x08001f3b   Thumb Code     6  stm32f10x_tim.o(i.TIM_GetCapture1)
    TIM_GetCapture2                          0x08001f41   Thumb Code     6  stm32f10x_tim.o(i.TIM_GetCapture2)
    TIM_GetCounter                           0x08001f47   Thumb Code     6  stm32f10x_tim.o(i.TIM_GetCounter)
    TIM_GetITStatus                          0x08001f4d   Thumb Code    34  stm32f10x_tim.o(i.TIM_GetITStatus)
    TIM_ICInit                               0x08001f71   Thumb Code   150  stm32f10x_tim.o(i.TIM_ICInit)
    TIM_ITConfig                             0x0800201d   Thumb Code    18  stm32f10x_tim.o(i.TIM_ITConfig)
    TIM_OC1Init                              0x08002031   Thumb Code   132  stm32f10x_tim.o(i.TIM_OC1Init)
    TIM_OC2Init                              0x080020c9   Thumb Code   154  stm32f10x_tim.o(i.TIM_OC2Init)
    TIM_SetCompare1                          0x0800216d   Thumb Code     4  stm32f10x_tim.o(i.TIM_SetCompare1)
    TIM_SetCompare2                          0x08002171   Thumb Code     4  stm32f10x_tim.o(i.TIM_SetCompare2)
    TIM_SetCounter                           0x08002175   Thumb Code     4  stm32f10x_tim.o(i.TIM_SetCounter)
    TIM_SetIC1Prescaler                      0x08002179   Thumb Code    18  stm32f10x_tim.o(i.TIM_SetIC1Prescaler)
    TIM_SetIC2Prescaler                      0x0800218b   Thumb Code    26  stm32f10x_tim.o(i.TIM_SetIC2Prescaler)
    TIM_SetIC3Prescaler                      0x080021a5   Thumb Code    18  stm32f10x_tim.o(i.TIM_SetIC3Prescaler)
    TIM_SetIC4Prescaler                      0x080021b7   Thumb Code    26  stm32f10x_tim.o(i.TIM_SetIC4Prescaler)
    TIM_TimeBaseInit                         0x080021d1   Thumb Code   122  stm32f10x_tim.o(i.TIM_TimeBaseInit)
    USART2_IRQHandler                        0x08002275   Thumb Code    82  stm32f10x_it.o(i.USART2_IRQHandler)
    USART2_Init                              0x080022d9   Thumb Code   156  usart2.o(i.USART2_Init)
    USART_ClearITPendingBit                  0x0800237d   Thumb Code    30  stm32f10x_usart.o(i.USART_ClearITPendingBit)
    USART_Cmd                                0x0800239b   Thumb Code    24  stm32f10x_usart.o(i.USART_Cmd)
    USART_GetITStatus                        0x080023b3   Thumb Code    84  stm32f10x_usart.o(i.USART_GetITStatus)
    USART_ITConfig                           0x08002407   Thumb Code    74  stm32f10x_usart.o(i.USART_ITConfig)
    USART_Init                               0x08002451   Thumb Code   210  stm32f10x_usart.o(i.USART_Init)
    USART_ReceiveData                        0x08002529   Thumb Code    10  stm32f10x_usart.o(i.USART_ReceiveData)
    UartAction                               0x08002535   Thumb Code   120  main.o(i.UartAction)
    UsageFault_Handler                       0x080025bd   Thumb Code     4  stm32f10x_it.o(i.UsageFault_Handler)
    delay1                                   0x080025c1   Thumb Code    12  i2c.o(i.delay1)
    i2c_init                                 0x080025cd   Thumb Code    38  i2c.o(i.i2c_init)
    main                                     0x080025f9   Thumb Code   426  main.o(i.main)
    __aeabi_dadd                             0x080027ed   Thumb Code     0  daddsub_clz.o(x$fpl$dadd)
    _dadd                                    0x080027ed   Thumb Code   332  daddsub_clz.o(x$fpl$dadd)
    __aeabi_d2uiz                            0x0800293d   Thumb Code     0  dfixu.o(x$fpl$dfixu)
    _dfixu                                   0x0800293d   Thumb Code    90  dfixu.o(x$fpl$dfixu)
    __aeabi_ui2d                             0x08002997   Thumb Code     0  dflt_clz.o(x$fpl$dfltu)
    _dfltu                                   0x08002997   Thumb Code    38  dflt_clz.o(x$fpl$dfltu)
    __aeabi_dmul                             0x080029bd   Thumb Code     0  dmul.o(x$fpl$dmul)
    _dmul                                    0x080029bd   Thumb Code   332  dmul.o(x$fpl$dmul)
    __fpl_dnaninf                            0x08002b11   Thumb Code   156  dnaninf.o(x$fpl$dnaninf)
    __fpl_dretinf                            0x08002bad   Thumb Code    12  dretinf.o(x$fpl$dretinf)
    __aeabi_dsub                             0x08002bb9   Thumb Code     0  daddsub_clz.o(x$fpl$dsub)
    _dsub                                    0x08002bb9   Thumb Code   464  daddsub_clz.o(x$fpl$dsub)
    ASCII_Table                              0x08002d8c   Data        4560  lcd.o(.constdata)
    __I$use$fp                               0x08002d8c   Number         0  usenofp.o(x$fpl$usenofp)
    Region$$Table$$Base                      0x08003f5c   Number         0  anon$$obj.o(Region$$Table)
    Region$$Table$$Limit                     0x08003f7c   Number         0  anon$$obj.o(Region$$Table)
    SystemCoreClock                          0x20000000   Data           4  system_stm32f10x.o(.data)
    AHBPrescTable                            0x20000004   Data          16  system_stm32f10x.o(.data)
    dummy                                    0x2000002c   Data           2  lcd.o(.data)
    TimingDelay                              0x20000030   Data           4  main.o(.data)
    flag200ms                                0x20000034   Data           1  main.o(.data)
    setMode                                  0x20000035   Data           1  main.o(.data)
    selChannel                               0x20000036   Data           1  main.o(.data)
    flag1s                                   0x20000037   Data           1  main.o(.data)
    RxdCnt                                   0x20000038   Data           1  main.o(.data)
    RxdOver                                  0x20000039   Data           1  main.o(.data)
    LED_MODE                                 0x2000003a   Data           2  main.o(.data)
    Channal_1_Enable                         0x2000003c   Data           1  main.o(.data)
    Channal_2_Enable                         0x2000003d   Data           1  main.o(.data)
    Channal_1_Frequency                      0x20000040   Data           4  main.o(.data)
    Channal_2_Frequency                      0x20000044   Data           4  main.o(.data)
    CH1_N                                    0x20000048   Data           1  main.o(.data)
    CH2_N                                    0x20000049   Data           1  main.o(.data)
    CH1_NBuf                                 0x2000004a   Data           1  main.o(.data)
    CH2_NBuf                                 0x2000004b   Data           1  main.o(.data)
    capture                                  0x2000004c   Data           2  stm32f10x_it.o(.data)
    TIM2_CH2_CAPTURE_HL                      0x20000050   Data           4  stm32f10x_it.o(.data)
    TIM2_CH2_CAPTURE_MODE                    0x20000054   Data           1  stm32f10x_it.o(.data)
    TIM2_CH3_CAPTURE_HL                      0x20000058   Data           4  stm32f10x_it.o(.data)
    TIM2_CH3_CAPTURE_MODE                    0x2000005c   Data           1  stm32f10x_it.o(.data)
    CAPTURE_Flag                             0x2000005d   Data           1  stm32f10x_it.o(.data)
    TIM3_Ch1_Val                             0x20000064   Data           4  pwm_oc.o(.data)
    TIM3_Ch2_Val                             0x20000068   Data           4  pwm_oc.o(.data)
    KeySta                                   0x2000006c   Data           4  key.o(.data)
    KeyDownTime                              0x20000070   Data           8  key.o(.data)
    BeepTimer                                0x20000088   Data           4  beep.o(.data)
    str                                      0x2000008c   Data          20  main.o(.bss)
    RxdBuf                                   0x200000a0   Data          20  main.o(.bss)
    __libspace_start                         0x200000b4   Data          96  libspace.o(.bss)
    __temporary_stack_top$libspace           0x20000114   Data           0  libspace.o(.bss)



==============================================================================

Memory Map of the image

  Image Entry point : 0x080000ed

  Load Region LR_IROM1 (Base: 0x08000000, Size: 0x00004008, Max: 0x00020000, ABSOLUTE)

    Execution Region ER_IROM1 (Exec base: 0x08000000, Load base: 0x08000000, Size: 0x00003f7c, Max: 0x00020000, ABSOLUTE)

    Exec Addr    Load Addr    Size         Type   Attr      Idx    E Section Name        Object

    0x08000000   0x08000000   0x000000ec   Data   RO            3    RESET               startup_stm32f10x_md.o
    0x080000ec   0x080000ec   0x00000008   Code   RO         3793  * !!!main             c_w.l(__main.o)
    0x080000f4   0x080000f4   0x00000034   Code   RO         3982    !!!scatter          c_w.l(__scatter.o)
    0x08000128   0x08000128   0x0000001a   Code   RO         3984    !!handler_copy      c_w.l(__scatter_copy.o)
    0x08000142   0x08000142   0x00000002   PAD
    0x08000144   0x08000144   0x0000001c   Code   RO         3986    !!handler_zi        c_w.l(__scatter_zi.o)
    0x08000160   0x08000160   0x00000000   Code   RO         3790    .ARM.Collect$$_printf_percent$$00000000  c_w.l(_printf_percent.o)
    0x08000160   0x08000160   0x00000006   Code   RO         3789    .ARM.Collect$$_printf_percent$$00000009  c_w.l(_printf_d.o)
    0x08000166   0x08000166   0x00000004   Code   RO         3820    .ARM.Collect$$_printf_percent$$00000017  c_w.l(_printf_percent_end.o)
    0x0800016a   0x0800016a   0x00000002   Code   RO         3852    .ARM.Collect$$libinit$$00000000  c_w.l(libinit.o)
    0x0800016c   0x0800016c   0x00000000   Code   RO         3859    .ARM.Collect$$libinit$$00000002  c_w.l(libinit2.o)
    0x0800016c   0x0800016c   0x00000000   Code   RO         3861    .ARM.Collect$$libinit$$00000004  c_w.l(libinit2.o)
    0x0800016c   0x0800016c   0x00000000   Code   RO         3864    .ARM.Collect$$libinit$$0000000A  c_w.l(libinit2.o)
    0x0800016c   0x0800016c   0x00000000   Code   RO         3866    .ARM.Collect$$libinit$$0000000C  c_w.l(libinit2.o)
    0x0800016c   0x0800016c   0x00000000   Code   RO         3868    .ARM.Collect$$libinit$$0000000E  c_w.l(libinit2.o)
    0x0800016c   0x0800016c   0x00000000   Code   RO         3871    .ARM.Collect$$libinit$$00000011  c_w.l(libinit2.o)
    0x0800016c   0x0800016c   0x00000000   Code   RO         3873    .ARM.Collect$$libinit$$00000013  c_w.l(libinit2.o)
    0x0800016c   0x0800016c   0x00000000   Code   RO         3875    .ARM.Collect$$libinit$$00000015  c_w.l(libinit2.o)
    0x0800016c   0x0800016c   0x00000000   Code   RO         3877    .ARM.Collect$$libinit$$00000017  c_w.l(libinit2.o)
    0x0800016c   0x0800016c   0x00000000   Code   RO         3879    .ARM.Collect$$libinit$$00000019  c_w.l(libinit2.o)
    0x0800016c   0x0800016c   0x00000000   Code   RO         3881    .ARM.Collect$$libinit$$0000001B  c_w.l(libinit2.o)
    0x0800016c   0x0800016c   0x00000000   Code   RO         3883    .ARM.Collect$$libinit$$0000001D  c_w.l(libinit2.o)
    0x0800016c   0x0800016c   0x00000000   Code   RO         3885    .ARM.Collect$$libinit$$0000001F  c_w.l(libinit2.o)
    0x0800016c   0x0800016c   0x00000000   Code   RO         3887    .ARM.Collect$$libinit$$00000021  c_w.l(libinit2.o)
    0x0800016c   0x0800016c   0x00000000   Code   RO         3889    .ARM.Collect$$libinit$$00000023  c_w.l(libinit2.o)
    0x0800016c   0x0800016c   0x00000000   Code   RO         3891    .ARM.Collect$$libinit$$00000025  c_w.l(libinit2.o)
    0x0800016c   0x0800016c   0x00000000   Code   RO         3895    .ARM.Collect$$libinit$$0000002C  c_w.l(libinit2.o)
    0x0800016c   0x0800016c   0x00000000   Code   RO         3897    .ARM.Collect$$libinit$$0000002E  c_w.l(libinit2.o)
    0x0800016c   0x0800016c   0x00000000   Code   RO         3899    .ARM.Collect$$libinit$$00000030  c_w.l(libinit2.o)
    0x0800016c   0x0800016c   0x00000000   Code   RO         3901    .ARM.Collect$$libinit$$00000032  c_w.l(libinit2.o)
    0x0800016c   0x0800016c   0x00000002   Code   RO         3902    .ARM.Collect$$libinit$$00000033  c_w.l(libinit2.o)
    0x0800016e   0x0800016e   0x00000002   Code   RO         3922    .ARM.Collect$$libshutdown$$00000000  c_w.l(libshutdown.o)
    0x08000170   0x08000170   0x00000000   Code   RO         3935    .ARM.Collect$$libshutdown$$00000002  c_w.l(libshutdown2.o)
    0x08000170   0x08000170   0x00000000   Code   RO         3937    .ARM.Collect$$libshutdown$$00000004  c_w.l(libshutdown2.o)
    0x08000170   0x08000170   0x00000000   Code   RO         3940    .ARM.Collect$$libshutdown$$00000007  c_w.l(libshutdown2.o)
    0x08000170   0x08000170   0x00000000   Code   RO         3943    .ARM.Collect$$libshutdown$$0000000A  c_w.l(libshutdown2.o)
    0x08000170   0x08000170   0x00000000   Code   RO         3945    .ARM.Collect$$libshutdown$$0000000C  c_w.l(libshutdown2.o)
    0x08000170   0x08000170   0x00000000   Code   RO         3948    .ARM.Collect$$libshutdown$$0000000F  c_w.l(libshutdown2.o)
    0x08000170   0x08000170   0x00000002   Code   RO         3949    .ARM.Collect$$libshutdown$$00000010  c_w.l(libshutdown2.o)
    0x08000172   0x08000172   0x00000000   Code   RO         3813    .ARM.Collect$$rtentry$$00000000  c_w.l(__rtentry.o)
    0x08000172   0x08000172   0x00000000   Code   RO         3827    .ARM.Collect$$rtentry$$00000002  c_w.l(__rtentry2.o)
    0x08000172   0x08000172   0x00000006   Code   RO         3839    .ARM.Collect$$rtentry$$00000004  c_w.l(__rtentry4.o)
    0x08000178   0x08000178   0x00000000   Code   RO         3829    .ARM.Collect$$rtentry$$00000009  c_w.l(__rtentry2.o)
    0x08000178   0x08000178   0x00000004   Code   RO         3830    .ARM.Collect$$rtentry$$0000000A  c_w.l(__rtentry2.o)
    0x0800017c   0x0800017c   0x00000000   Code   RO         3832    .ARM.Collect$$rtentry$$0000000C  c_w.l(__rtentry2.o)
    0x0800017c   0x0800017c   0x00000008   Code   RO         3833    .ARM.Collect$$rtentry$$0000000D  c_w.l(__rtentry2.o)
    0x08000184   0x08000184   0x00000002   Code   RO         3856    .ARM.Collect$$rtexit$$00000000  c_w.l(rtexit.o)
    0x08000186   0x08000186   0x00000000   Code   RO         3904    .ARM.Collect$$rtexit$$00000002  c_w.l(rtexit2.o)
    0x08000186   0x08000186   0x00000004   Code   RO         3905    .ARM.Collect$$rtexit$$00000003  c_w.l(rtexit2.o)
    0x0800018a   0x0800018a   0x00000006   Code   RO         3906    .ARM.Collect$$rtexit$$00000004  c_w.l(rtexit2.o)
    0x08000190   0x08000190   0x00000040   Code   RO            4    .text               startup_stm32f10x_md.o
    0x080001d0   0x080001d0   0x00000028   Code   RO         3763    .text               c_w.l(noretval__2sprintf.o)
    0x080001f8   0x080001f8   0x00000068   Code   RO         3765    .text               c_w.l(__printf.o)
    0x08000260   0x08000260   0x00000078   Code   RO         3767    .text               c_w.l(_printf_dec.o)
    0x080002d8   0x080002d8   0x00000006   Code   RO         3791    .text               c_w.l(heapauxi.o)
    0x080002de   0x080002de   0x000000b2   Code   RO         3814    .text               c_w.l(_printf_intcommon.o)
    0x08000390   0x08000390   0x00000030   Code   RO         3816    .text               c_w.l(_printf_char_common.o)
    0x080003c0   0x080003c0   0x0000000a   Code   RO         3818    .text               c_w.l(_sputc.o)
    0x080003ca   0x080003ca   0x0000004a   Code   RO         3843    .text               c_w.l(sys_stackheap_outer.o)
    0x08000414   0x08000414   0x00000012   Code   RO         3845    .text               c_w.l(exit.o)
    0x08000426   0x08000426   0x00000002   PAD
    0x08000428   0x08000428   0x00000008   Code   RO         3853    .text               c_w.l(libspace.o)
    0x08000430   0x08000430   0x0000000c   Code   RO         3914    .text               c_w.l(sys_exit.o)
    0x0800043c   0x0800043c   0x00000002   Code   RO         3925    .text               c_w.l(use_no_semi.o)
    0x0800043e   0x0800043e   0x00000000   Code   RO         3927    .text               c_w.l(indicate_semi.o)
    0x0800043e   0x0800043e   0x00000002   PAD
    0x08000440   0x08000440   0x00000088   Code   RO         3606    i.ADC1_Init         adc.o
    0x080004c8   0x080004c8   0x00000016   Code   RO          183    i.ADC_Cmd           stm32f10x_adc.o
    0x080004de   0x080004de   0x00000014   Code   RO          191    i.ADC_GetCalibrationStatus  stm32f10x_adc.o
    0x080004f2   0x080004f2   0x00000014   Code   RO          197    i.ADC_GetResetCalibrationStatus  stm32f10x_adc.o
    0x08000506   0x08000506   0x00000002   PAD
    0x08000508   0x08000508   0x00000050   Code   RO          201    i.ADC_Init          stm32f10x_adc.o
    0x08000558   0x08000558   0x0000000a   Code   RO          206    i.ADC_ResetCalibration  stm32f10x_adc.o
    0x08000562   0x08000562   0x0000000a   Code   RO          210    i.ADC_StartCalibration  stm32f10x_adc.o
    0x0800056c   0x0800056c   0x00000028   Code   RO         3732    i.Beep              beep.o
    0x08000594   0x08000594   0x0000003c   Code   RO         3733    i.BeepInit          beep.o
    0x080005d0   0x080005d0   0x00000038   Code   RO         3734    i.BeepScan          beep.o
    0x08000608   0x08000608   0x00000004   Code   RO         3407    i.BusFault_Handler  stm32f10x_it.o
    0x0800060c   0x0800060c   0x00000002   Code   RO         3408    i.DebugMon_Handler  stm32f10x_it.o
    0x0800060e   0x0800060e   0x0000001e   Code   RO         3108    i.Delay_LCD         lcd.o
    0x0800062c   0x0800062c   0x00000014   Code   RO         3310    i.Delay_Ms          main.o
    0x08000640   0x08000640   0x0000003c   Code   RO         3588    i.E2Read            e2prom.o
    0x0800067c   0x0800067c   0x0000002e   Code   RO         3589    i.E2Write           e2prom.o
    0x080006aa   0x080006aa   0x00000116   Code   RO         1292    i.GPIO_Init         stm32f10x_gpio.o
    0x080007c0   0x080007c0   0x00000090   Code   RO         1294    i.GPIO_PinRemapConfig  stm32f10x_gpio.o
    0x08000850   0x08000850   0x00000012   Code   RO         1296    i.GPIO_ReadInputDataBit  stm32f10x_gpio.o
    0x08000862   0x08000862   0x00000004   Code   RO         1299    i.GPIO_ResetBits    stm32f10x_gpio.o
    0x08000866   0x08000866   0x00000004   Code   RO         1300    i.GPIO_SetBits      stm32f10x_gpio.o
    0x0800086a   0x0800086a   0x00000004   Code   RO         3409    i.HardFault_Handler  stm32f10x_it.o
    0x0800086e   0x0800086e   0x00000058   Code   RO         3498    i.I2CReceiveByte    i2c.o
    0x080008c6   0x080008c6   0x00000058   Code   RO         3500    i.I2CSendByte       i2c.o
    0x0800091e   0x0800091e   0x0000003c   Code   RO         3502    i.I2CStart          i2c.o
    0x0800095a   0x0800095a   0x0000003c   Code   RO         3503    i.I2CStop           i2c.o
    0x08000996   0x08000996   0x00000058   Code   RO         3504    i.I2CWaitAck        i2c.o
    0x080009ee   0x080009ee   0x00000002   PAD
    0x080009f0   0x080009f0   0x000000e4   Code   RO         3311    i.KeyAction         main.o
    0x08000ad4   0x08000ad4   0x0000007c   Code   RO         3705    i.KeyDriver         key.o
    0x08000b50   0x08000b50   0x00000040   Code   RO         3706    i.KeyInit           key.o
    0x08000b90   0x08000b90   0x000000a8   Code   RO         3707    i.KeyScan           key.o
    0x08000c38   0x08000c38   0x00000024   Code   RO         3109    i.LCD_BusIn         lcd.o
    0x08000c5c   0x08000c5c   0x00000024   Code   RO         3110    i.LCD_BusOut        lcd.o
    0x08000c80   0x08000c80   0x00000026   Code   RO         3111    i.LCD_Clear         lcd.o
    0x08000ca6   0x08000ca6   0x00000002   PAD
    0x08000ca8   0x08000ca8   0x00000048   Code   RO         3113    i.LCD_CtrlLinesConfig  lcd.o
    0x08000cf0   0x08000cf0   0x00000028   Code   RO         3114    i.LCD_DisplayChar   lcd.o
    0x08000d18   0x08000d18   0x0000002c   Code   RO         3117    i.LCD_DisplayStringLine  lcd.o
    0x08000d44   0x08000d44   0x0000006c   Code   RO         3118    i.LCD_DrawChar      lcd.o
    0x08000db0   0x08000db0   0x0000005c   Code   RO         3126    i.LCD_ReadReg       lcd.o
    0x08000e0c   0x08000e0c   0x00000010   Code   RO         3127    i.LCD_SetBackColor  lcd.o
    0x08000e1c   0x08000e1c   0x00000018   Code   RO         3128    i.LCD_SetCursor     lcd.o
    0x08000e34   0x08000e34   0x00000010   Code   RO         3130    i.LCD_SetTextColor  lcd.o
    0x08000e44   0x08000e44   0x00000034   Code   RO         3133    i.LCD_WriteRAM      lcd.o
    0x08000e78   0x08000e78   0x00000034   Code   RO         3134    i.LCD_WriteRAM_Prepare  lcd.o
    0x08000eac   0x08000eac   0x00000040   Code   RO         3135    i.LCD_WriteReg      lcd.o
    0x08000eec   0x08000eec   0x00000078   Code   RO         3693    i.LED_Init          led.o
    0x08000f64   0x08000f64   0x00000004   Code   RO         3410    i.MemManage_Handler  stm32f10x_it.o
    0x08000f68   0x08000f68   0x00000002   Code   RO         3411    i.NMI_Handler       stm32f10x_it.o
    0x08000f6a   0x08000f6a   0x00000002   PAD
    0x08000f6c   0x08000f6c   0x00000070   Code   RO          137    i.NVIC_Init         misc.o
    0x08000fdc   0x08000fdc   0x000000d4   Code   RO         3669    i.PWM_IC_Init       pwm_ic.o
    0x080010b0   0x080010b0   0x00000002   Code   RO         3412    i.PendSV_Handler    stm32f10x_it.o
    0x080010b2   0x080010b2   0x00000002   PAD
    0x080010b4   0x080010b4   0x00000018   Code   RO         1706    i.RCC_ADCCLKConfig  stm32f10x_rcc.o
    0x080010cc   0x080010cc   0x00000020   Code   RO         1708    i.RCC_APB1PeriphClockCmd  stm32f10x_rcc.o
    0x080010ec   0x080010ec   0x00000020   Code   RO         1710    i.RCC_APB2PeriphClockCmd  stm32f10x_rcc.o
    0x0800110c   0x0800110c   0x000000d4   Code   RO         1718    i.RCC_GetClocksFreq  stm32f10x_rcc.o
    0x080011e0   0x080011e0   0x00000120   Code   RO         3136    i.REG_8230_Init     lcd.o
    0x08001300   0x08001300   0x00000202   Code   RO         3137    i.REG_932X_Init     lcd.o
    0x08001502   0x08001502   0x00000002   PAD
    0x08001504   0x08001504   0x0000009c   Code   RO         3312    i.RefreshLed        main.o
    0x080015a0   0x080015a0   0x0000005c   Code   RO         3313    i.RefreshN          main.o
    0x080015fc   0x080015fc   0x00000020   Code   RO         3505    i.SCL_Output        i2c.o
    0x0800161c   0x0800161c   0x00000010   Code   RO         3506    i.SDA_Input         i2c.o
    0x0800162c   0x0800162c   0x00000024   Code   RO         3507    i.SDA_Input_Mode    i2c.o
    0x08001650   0x08001650   0x00000020   Code   RO         3508    i.SDA_Output        i2c.o
    0x08001670   0x08001670   0x00000024   Code   RO         3509    i.SDA_Output_Mode   i2c.o
    0x08001694   0x08001694   0x00000038   Code   RO         3138    i.STM3210B_LCD_Init  lcd.o
    0x080016cc   0x080016cc   0x00000002   Code   RO         3413    i.SVC_Handler       stm32f10x_it.o
    0x080016ce   0x080016ce   0x00000008   Code   RO           24    i.SetSysClock       system_stm32f10x.o
    0x080016d6   0x080016d6   0x00000002   PAD
    0x080016d8   0x080016d8   0x000000e0   Code   RO           25    i.SetSysClockTo72   system_stm32f10x.o
    0x080017b8   0x080017b8   0x000000ec   Code   RO         3314    i.ShowRealData      main.o
    0x080018a4   0x080018a4   0x00000010   Code   RO         3414    i.SysTick_Handler   stm32f10x_it.o
    0x080018b4   0x080018b4   0x00000060   Code   RO           27    i.SystemInit        system_stm32f10x.o
    0x08001914   0x08001914   0x00000080   Code   RO         2326    i.TI1_Config        stm32f10x_tim.o
    0x08001994   0x08001994   0x00000098   Code   RO         2327    i.TI2_Config        stm32f10x_tim.o
    0x08001a2c   0x08001a2c   0x00000090   Code   RO         2328    i.TI3_Config        stm32f10x_tim.o
    0x08001abc   0x08001abc   0x00000098   Code   RO         2329    i.TI4_Config        stm32f10x_tim.o
    0x08001b54   0x08001b54   0x000000cc   Code   RO         3415    i.TIM2_IRQHandler   stm32f10x_it.o
    0x08001c20   0x08001c20   0x000000cc   Code   RO         3416    i.TIM3_IRQHandler   stm32f10x_it.o
    0x08001cec   0x08001cec   0x0000012c   Code   RO         3654    i.TIM3_OUTPUT_Init  pwm_oc.o
    0x08001e18   0x08001e18   0x000000a0   Code   RO         3417    i.TIM4_IRQHandler   stm32f10x_it.o
    0x08001eb8   0x08001eb8   0x00000064   Code   RO         3681    i.TIM4_Init         timer.o
    0x08001f1c   0x08001f1c   0x00000006   Code   RO         2337    i.TIM_ClearITPendingBit  stm32f10x_tim.o
    0x08001f22   0x08001f22   0x00000018   Code   RO         2342    i.TIM_Cmd           stm32f10x_tim.o
    0x08001f3a   0x08001f3a   0x00000006   Code   RO         2357    i.TIM_GetCapture1   stm32f10x_tim.o
    0x08001f40   0x08001f40   0x00000006   Code   RO         2358    i.TIM_GetCapture2   stm32f10x_tim.o
    0x08001f46   0x08001f46   0x00000006   Code   RO         2361    i.TIM_GetCounter    stm32f10x_tim.o
    0x08001f4c   0x08001f4c   0x00000022   Code   RO         2363    i.TIM_GetITStatus   stm32f10x_tim.o
    0x08001f6e   0x08001f6e   0x00000002   PAD
    0x08001f70   0x08001f70   0x000000ac   Code   RO         2365    i.TIM_ICInit        stm32f10x_tim.o
    0x0800201c   0x0800201c   0x00000012   Code   RO         2367    i.TIM_ITConfig      stm32f10x_tim.o
    0x0800202e   0x0800202e   0x00000002   PAD
    0x08002030   0x08002030   0x00000098   Code   RO         2371    i.TIM_OC1Init       stm32f10x_tim.o
    0x080020c8   0x080020c8   0x000000a4   Code   RO         2376    i.TIM_OC2Init       stm32f10x_tim.o
    0x0800216c   0x0800216c   0x00000004   Code   RO         2403    i.TIM_SetCompare1   stm32f10x_tim.o
    0x08002170   0x08002170   0x00000004   Code   RO         2404    i.TIM_SetCompare2   stm32f10x_tim.o
    0x08002174   0x08002174   0x00000004   Code   RO         2407    i.TIM_SetCounter    stm32f10x_tim.o
    0x08002178   0x08002178   0x00000012   Code   RO         2408    i.TIM_SetIC1Prescaler  stm32f10x_tim.o
    0x0800218a   0x0800218a   0x0000001a   Code   RO         2409    i.TIM_SetIC2Prescaler  stm32f10x_tim.o
    0x080021a4   0x080021a4   0x00000012   Code   RO         2410    i.TIM_SetIC3Prescaler  stm32f10x_tim.o
    0x080021b6   0x080021b6   0x0000001a   Code   RO         2411    i.TIM_SetIC4Prescaler  stm32f10x_tim.o
    0x080021d0   0x080021d0   0x000000a4   Code   RO         2413    i.TIM_TimeBaseInit  stm32f10x_tim.o
    0x08002274   0x08002274   0x00000064   Code   RO         3418    i.USART2_IRQHandler  stm32f10x_it.o
    0x080022d8   0x080022d8   0x000000a4   Code   RO         3636    i.USART2_Init       usart2.o
    0x0800237c   0x0800237c   0x0000001e   Code   RO         2875    i.USART_ClearITPendingBit  stm32f10x_usart.o
    0x0800239a   0x0800239a   0x00000018   Code   RO         2878    i.USART_Cmd         stm32f10x_usart.o
    0x080023b2   0x080023b2   0x00000054   Code   RO         2882    i.USART_GetITStatus  stm32f10x_usart.o
    0x08002406   0x08002406   0x0000004a   Code   RO         2884    i.USART_ITConfig    stm32f10x_usart.o
    0x08002450   0x08002450   0x000000d8   Code   RO         2885    i.USART_Init        stm32f10x_usart.o
    0x08002528   0x08002528   0x0000000a   Code   RO         2892    i.USART_ReceiveData  stm32f10x_usart.o
    0x08002532   0x08002532   0x00000002   PAD
    0x08002534   0x08002534   0x00000088   Code   RO         3315    i.UartAction        main.o
    0x080025bc   0x080025bc   0x00000004   Code   RO         3419    i.UsageFault_Handler  stm32f10x_it.o
    0x080025c0   0x080025c0   0x0000000c   Code   RO         3510    i.delay1            i2c.o
    0x080025cc   0x080025cc   0x0000002c   Code   RO         3511    i.i2c_init          i2c.o
    0x080025f8   0x080025f8   0x000001f4   Code   RO         3316    i.main              main.o
    0x080027ec   0x080027ec   0x00000150   Code   RO         3795    x$fpl$dadd          fz_ws.l(daddsub_clz.o)
    0x0800293c   0x0800293c   0x0000005a   Code   RO         3801    x$fpl$dfixu         fz_ws.l(dfixu.o)
    0x08002996   0x08002996   0x00000026   Code   RO         3805    x$fpl$dfltu         fz_ws.l(dflt_clz.o)
    0x080029bc   0x080029bc   0x00000154   Code   RO         3811    x$fpl$dmul          fz_ws.l(dmul.o)
    0x08002b10   0x08002b10   0x0000009c   Code   RO         3821    x$fpl$dnaninf       fz_ws.l(dnaninf.o)
    0x08002bac   0x08002bac   0x0000000c   Code   RO         3823    x$fpl$dretinf       fz_ws.l(dretinf.o)
    0x08002bb8   0x08002bb8   0x000001d4   Code   RO         3797    x$fpl$dsub          fz_ws.l(daddsub_clz.o)
    0x08002d8c   0x08002d8c   0x00000000   Code   RO         3825    x$fpl$usenofp       fz_ws.l(usenofp.o)
    0x08002d8c   0x08002d8c   0x000011d0   Data   RO         3139    .constdata          lcd.o
    0x08003f5c   0x08003f5c   0x00000020   Data   RO         3980    Region$$Table       anon$$obj.o


    Execution Region RW_IRAM1 (Exec base: 0x20000000, Load base: 0x08003f7c, Size: 0x00000718, Max: 0x00005000, ABSOLUTE)

    Exec Addr    Load Addr    Size         Type   Attr      Idx    E Section Name        Object

    0x20000000   0x08003f7c   0x00000014   Data   RW           28    .data               system_stm32f10x.o
    0x20000014   0x08003f90   0x00000014   Data   RW         1738    .data               stm32f10x_rcc.o
    0x20000028   0x08003fa4   0x00000006   Data   RW         3140    .data               lcd.o
    0x2000002e   0x08003faa   0x00000002   PAD
    0x20000030   0x08003fac   0x0000001c   Data   RW         3318    .data               main.o
    0x2000004c   0x08003fc8   0x00000018   Data   RW         3420    .data               stm32f10x_it.o
    0x20000064   0x08003fe0   0x00000008   Data   RW         3655    .data               pwm_oc.o
    0x2000006c   0x08003fe8   0x0000001c   Data   RW         3708    .data               key.o
    0x20000088   0x08004004   0x00000004   Data   RW         3735    .data               beep.o
    0x2000008c        -       0x00000028   Zero   RW         3317    .bss                main.o
    0x200000b4        -       0x00000060   Zero   RW         3854    .bss                c_w.l(libspace.o)
    0x20000114   0x08004008   0x00000004   PAD
    0x20000118        -       0x00000200   Zero   RW            2    HEAP                startup_stm32f10x_md.o
    0x20000318        -       0x00000400   Zero   RW            1    STACK               startup_stm32f10x_md.o


==============================================================================

Image component sizes


      Code (inc. data)   RO Data    RW Data    ZI Data      Debug   Object Name

       136         10          0          0          0        640   adc.o
       156         26          0          4          0       1901   beep.o
         0          0          0          0          0       4500   core_cm3.o
       106          0          0          0          0       1215   e2prom.o
       592         34          0          0          0       6678   i2c.o
       356         48          0         28          0       2445   key.o
      1578         76       4560          6          0      11709   lcd.o
       120         10          0          0          0        551   led.o
      1368        282          0         28         40      21264   main.o
       112         12          0          0          0       1240   misc.o
       212          6          0          0          0        758   pwm_ic.o
       300         22          0          8          0       1379   pwm_oc.o
        64         26        236          0       1536        848   startup_stm32f10x_md.o
       162         10          0          0          0       6158   stm32f10x_adc.o
       448          6          0          0          0       5118   stm32f10x_gpio.o
       708         90          0         24          0       7355   stm32f10x_it.o
       300         38          0         20          0       5581   stm32f10x_rcc.o
      1428        180          0          0          0      16517   stm32f10x_tim.o
       438          6          0          0          0       6364   stm32f10x_usart.o
       328         28          0         20          0     259889   system_stm32f10x.o
       100          4          0          0          0        692   timer.o
       164          8          0          0          0        694   usart2.o

    ----------------------------------------------------------------------
      9196        922       4828        140       1576     363496   Object Totals
         0          0         32          0          0          0   (incl. Generated)
        20          0          0          2          0          0   (incl. Padding)

    ----------------------------------------------------------------------

      Code (inc. data)   RO Data    RW Data    ZI Data      Debug   Library Member Name

         8          0          0          0          0         68   __main.o
       104          0          0          0          0         84   __printf.o
         0          0          0          0          0          0   __rtentry.o
        12          0          0          0          0          0   __rtentry2.o
         6          0          0          0          0          0   __rtentry4.o
        52          8          0          0          0          0   __scatter.o
        26          0          0          0          0          0   __scatter_copy.o
        28          0          0          0          0          0   __scatter_zi.o
        48          6          0          0          0         96   _printf_char_common.o
         6          0          0          0          0          0   _printf_d.o
       120         16          0          0          0         92   _printf_dec.o
       178          0          0          0          0         88   _printf_intcommon.o
         0          0          0          0          0          0   _printf_percent.o
         4          0          0          0          0          0   _printf_percent_end.o
        10          0          0          0          0         68   _sputc.o
        18          0          0          0          0         80   exit.o
         6          0          0          0          0        152   heapauxi.o
         0          0          0          0          0          0   indicate_semi.o
         2          0          0          0          0          0   libinit.o
         2          0          0          0          0          0   libinit2.o
         2          0          0          0          0          0   libshutdown.o
         2          0          0          0          0          0   libshutdown2.o
         8          4          0          0         96         68   libspace.o
        40          6          0          0          0         84   noretval__2sprintf.o
         2          0          0          0          0          0   rtexit.o
        10          0          0          0          0          0   rtexit2.o
        12          4          0          0          0         68   sys_exit.o
        74          0          0          0          0         80   sys_stackheap_outer.o
         2          0          0          0          0         68   use_no_semi.o
       804         16          0          0          0        272   daddsub_clz.o
        90          4          0          0          0         92   dfixu.o
        38          0          0          0          0         68   dflt_clz.o
       340         12          0          0          0        104   dmul.o
       156          4          0          0          0         92   dnaninf.o
        12          0          0          0          0         68   dretinf.o
         0          0          0          0          0          0   usenofp.o

    ----------------------------------------------------------------------
      2228         80          0          0        100       1792   Library Totals
         6          0          0          0          4          0   (incl. Padding)

    ----------------------------------------------------------------------

      Code (inc. data)   RO Data    RW Data    ZI Data      Debug   Library Name

       782         44          0          0         96       1096   c_w.l
      1440         36          0          0          0        696   fz_ws.l

    ----------------------------------------------------------------------
      2228         80          0          0        100       1792   Library Totals

    ----------------------------------------------------------------------

==============================================================================


      Code (inc. data)   RO Data    RW Data    ZI Data      Debug   

     11424       1002       4828        140       1676     358940   Grand Totals
     11424       1002       4828        140       1676     358940   ELF Image Totals
     11424       1002       4828        140          0          0   ROM Totals

==============================================================================

    Total RO  Size (Code + RO Data)                16252 (  15.87kB)
    Total RW  Size (RW Data + ZI Data)              1816 (   1.77kB)
    Total ROM Size (Code + RO Data + RW Data)      16392 (  16.01kB)

==============================================================================

